-- Found ament_cmake: 2.5.5 (/opt/ros/jazzy/share/ament_cmake/cmake)
-- Override CMake install command with custom implementation using symlinks instead of copying resources
-- Configuring done (0.4s)
-- Generating done (0.0s)
-- Build files have been written to: /home/parshva/ros2_ws1/build/my_robot_description
-- Install configuration: ""
-- Execute custom install script
-- Up-to-date symlink: /home/parshva/ros2_ws1/install/my_robot_description/share/my_robot_description//urdf/common_properties.urdf.xacro
-- Up-to-date symlink: /home/parshva/ros2_ws1/install/my_robot_description/share/my_robot_description//urdf/mobile_base.urdf.xacro
-- Up-to-date symlink: /home/parshva/ros2_ws1/install/my_robot_description/share/my_robot_description//urdf/my_robot.urdf.xacro
-- Up-to-date symlink: /home/parshva/ros2_ws1/install/my_robot_description/share/my_robot_description//launch/display.launch.xml
-- Up-to-date symlink: /home/parshva/ros2_ws1/install/my_robot_description/share/my_robot_description//rviz/urdf_config.rviz
-- Up-to-date symlink: /home/parshva/ros2_ws1/install/my_robot_description/share/ament_index/resource_index/package_run_dependencies/my_robot_description
-- Up-to-date symlink: /home/parshva/ros2_ws1/install/my_robot_description/share/ament_index/resource_index/parent_prefix_path/my_robot_description
-- Up-to-date symlink: /home/parshva/ros2_ws1/install/my_robot_description/share/my_robot_description/environment/ament_prefix_path.sh
-- Up-to-date symlink: /home/parshva/ros2_ws1/install/my_robot_description/share/my_robot_description/environment/ament_prefix_path.dsv
-- Up-to-date symlink: /home/parshva/ros2_ws1/install/my_robot_description/share/my_robot_description/environment/path.sh
-- Up-to-date symlink: /home/parshva/ros2_ws1/install/my_robot_description/share/my_robot_description/environment/path.dsv
-- Up-to-date symlink: /home/parshva/ros2_ws1/install/my_robot_description/share/my_robot_description/local_setup.bash
-- Up-to-date symlink: /home/parshva/ros2_ws1/install/my_robot_description/share/my_robot_description/local_setup.sh
-- Up-to-date symlink: /home/parshva/ros2_ws1/install/my_robot_description/share/my_robot_description/local_setup.zsh
-- Up-to-date symlink: /home/parshva/ros2_ws1/install/my_robot_description/share/my_robot_description/local_setup.dsv
-- Symlinking: /home/parshva/ros2_ws1/install/my_robot_description/share/my_robot_description/package.dsv
-- Up-to-date symlink: /home/parshva/ros2_ws1/install/my_robot_description/share/ament_index/resource_index/packages/my_robot_description
-- Up-to-date symlink: /home/parshva/ros2_ws1/install/my_robot_description/share/my_robot_description/cmake/my_robot_descriptionConfig.cmake
-- Up-to-date symlink: /home/parshva/ros2_ws1/install/my_robot_description/share/my_robot_description/cmake/my_robot_descriptionConfig-version.cmake
-- Up-to-date symlink: /home/parshva/ros2_ws1/install/my_robot_description/share/my_robot_description/package.xml
