[0.802s] Invoking command in '/home/parshva/ros2_ws/src/my_py_pkg': DEBUGINFOD_URLS=https://debuginfod.ubuntu.com PYTHONPATH=/home/parshva/ros2_ws/build/my_py_pkg/prefix_override:/usr/lib/python3/dist-packages/colcon_core/task/python/colcon_distutils_commands:/home/parshva/ros2_ws/install/my_py_pkg/lib/python3.12/site-packages:${PYTHONPATH} /usr/bin/python3 -W ignore:setup.py install is deprecated -W ignore:easy_install command is deprecated setup.py egg_info --egg-base ../../build/my_py_pkg build --build-base /home/parshva/ros2_ws/build/my_py_pkg/build install --record /home/parshva/ros2_ws/build/my_py_pkg/install.log --single-version-externally-managed install_data
[1.057s] running egg_info
[1.057s] creating ../../build/my_py_pkg/my_py_pkg.egg-info
[1.074s] writing ../../build/my_py_pkg/my_py_pkg.egg-info/PKG-INFO
[1.074s] writing dependency_links to ../../build/my_py_pkg/my_py_pkg.egg-info/dependency_links.txt
[1.075s] writing entry points to ../../build/my_py_pkg/my_py_pkg.egg-info/entry_points.txt
[1.075s] writing requirements to ../../build/my_py_pkg/my_py_pkg.egg-info/requires.txt
[1.075s] writing top-level names to ../../build/my_py_pkg/my_py_pkg.egg-info/top_level.txt
[1.075s] writing manifest file '../../build/my_py_pkg/my_py_pkg.egg-info/SOURCES.txt'
[1.110s] reading manifest file '../../build/my_py_pkg/my_py_pkg.egg-info/SOURCES.txt'
[1.111s] writing manifest file '../../build/my_py_pkg/my_py_pkg.egg-info/SOURCES.txt'
[1.111s] running build
[1.111s] running build_py
[1.111s] creating /home/parshva/ros2_ws/build/my_py_pkg/build
[1.111s] creating /home/parshva/ros2_ws/build/my_py_pkg/build/lib
[1.111s] creating /home/parshva/ros2_ws/build/my_py_pkg/build/lib/my_py_pkg
[1.112s] copying my_py_pkg/number_counter.py -> /home/parshva/ros2_ws/build/my_py_pkg/build/lib/my_py_pkg
[1.112s] copying my_py_pkg/number_publisher.py -> /home/parshva/ros2_ws/build/my_py_pkg/build/lib/my_py_pkg
[1.112s] copying my_py_pkg/__init__.py -> /home/parshva/ros2_ws/build/my_py_pkg/build/lib/my_py_pkg
[1.112s] copying my_py_pkg/smartphone.py -> /home/parshva/ros2_ws/build/my_py_pkg/build/lib/my_py_pkg
[1.112s] copying my_py_pkg/add_two_ints_server.py -> /home/parshva/ros2_ws/build/my_py_pkg/build/lib/my_py_pkg
[1.112s] copying my_py_pkg/add_two_ints_client_no_oop.py -> /home/parshva/ros2_ws/build/my_py_pkg/build/lib/my_py_pkg
[1.112s] copying my_py_pkg/add_two_ints_client.py -> /home/parshva/ros2_ws/build/my_py_pkg/build/lib/my_py_pkg
[1.112s] copying my_py_pkg/robot_news_station.py -> /home/parshva/ros2_ws/build/my_py_pkg/build/lib/my_py_pkg
[1.112s] copying my_py_pkg/my_first_node.py -> /home/parshva/ros2_ws/build/my_py_pkg/build/lib/my_py_pkg
[1.113s] running install
[1.119s] running install_lib
[1.136s] creating /home/parshva/ros2_ws/install/my_py_pkg/lib/python3.12/site-packages/my_py_pkg
[1.136s] copying /home/parshva/ros2_ws/build/my_py_pkg/build/lib/my_py_pkg/number_counter.py -> /home/parshva/ros2_ws/install/my_py_pkg/lib/python3.12/site-packages/my_py_pkg
[1.136s] copying /home/parshva/ros2_ws/build/my_py_pkg/build/lib/my_py_pkg/number_publisher.py -> /home/parshva/ros2_ws/install/my_py_pkg/lib/python3.12/site-packages/my_py_pkg
[1.137s] copying /home/parshva/ros2_ws/build/my_py_pkg/build/lib/my_py_pkg/__init__.py -> /home/parshva/ros2_ws/install/my_py_pkg/lib/python3.12/site-packages/my_py_pkg
[1.137s] copying /home/parshva/ros2_ws/build/my_py_pkg/build/lib/my_py_pkg/smartphone.py -> /home/parshva/ros2_ws/install/my_py_pkg/lib/python3.12/site-packages/my_py_pkg
[1.137s] copying /home/parshva/ros2_ws/build/my_py_pkg/build/lib/my_py_pkg/add_two_ints_server.py -> /home/parshva/ros2_ws/install/my_py_pkg/lib/python3.12/site-packages/my_py_pkg
[1.137s] copying /home/parshva/ros2_ws/build/my_py_pkg/build/lib/my_py_pkg/add_two_ints_client_no_oop.py -> /home/parshva/ros2_ws/install/my_py_pkg/lib/python3.12/site-packages/my_py_pkg
[1.137s] copying /home/parshva/ros2_ws/build/my_py_pkg/build/lib/my_py_pkg/add_two_ints_client.py -> /home/parshva/ros2_ws/install/my_py_pkg/lib/python3.12/site-packages/my_py_pkg
[1.138s] copying /home/parshva/ros2_ws/build/my_py_pkg/build/lib/my_py_pkg/robot_news_station.py -> /home/parshva/ros2_ws/install/my_py_pkg/lib/python3.12/site-packages/my_py_pkg
[1.138s] copying /home/parshva/ros2_ws/build/my_py_pkg/build/lib/my_py_pkg/my_first_node.py -> /home/parshva/ros2_ws/install/my_py_pkg/lib/python3.12/site-packages/my_py_pkg
[1.138s] byte-compiling /home/parshva/ros2_ws/install/my_py_pkg/lib/python3.12/site-packages/my_py_pkg/number_counter.py to number_counter.cpython-312.pyc
[1.138s] byte-compiling /home/parshva/ros2_ws/install/my_py_pkg/lib/python3.12/site-packages/my_py_pkg/number_publisher.py to number_publisher.cpython-312.pyc
[1.139s] byte-compiling /home/parshva/ros2_ws/install/my_py_pkg/lib/python3.12/site-packages/my_py_pkg/__init__.py to __init__.cpython-312.pyc
[1.139s] byte-compiling /home/parshva/ros2_ws/install/my_py_pkg/lib/python3.12/site-packages/my_py_pkg/smartphone.py to smartphone.cpython-312.pyc
[1.139s] byte-compiling /home/parshva/ros2_ws/install/my_py_pkg/lib/python3.12/site-packages/my_py_pkg/add_two_ints_server.py to add_two_ints_server.cpython-312.pyc
[1.140s] byte-compiling /home/parshva/ros2_ws/install/my_py_pkg/lib/python3.12/site-packages/my_py_pkg/add_two_ints_client_no_oop.py to add_two_ints_client_no_oop.cpython-312.pyc
[1.140s] byte-compiling /home/parshva/ros2_ws/install/my_py_pkg/lib/python3.12/site-packages/my_py_pkg/add_two_ints_client.py to add_two_ints_client.cpython-312.pyc
[1.140s] byte-compiling /home/parshva/ros2_ws/install/my_py_pkg/lib/python3.12/site-packages/my_py_pkg/robot_news_station.py to robot_news_station.cpython-312.pyc
[1.141s] byte-compiling /home/parshva/ros2_ws/install/my_py_pkg/lib/python3.12/site-packages/my_py_pkg/my_first_node.py to my_first_node.cpython-312.pyc
[1.141s] running install_data
[1.142s] creating /home/parshva/ros2_ws/install/my_py_pkg/share/ament_index
[1.142s] creating /home/parshva/ros2_ws/install/my_py_pkg/share/ament_index/resource_index
[1.142s] creating /home/parshva/ros2_ws/install/my_py_pkg/share/ament_index/resource_index/packages
[1.142s] copying resource/my_py_pkg -> /home/parshva/ros2_ws/install/my_py_pkg/share/ament_index/resource_index/packages
[1.142s] copying package.xml -> /home/parshva/ros2_ws/install/my_py_pkg/share/my_py_pkg
[1.142s] running install_egg_info
[1.161s] Copying ../../build/my_py_pkg/my_py_pkg.egg-info to /home/parshva/ros2_ws/install/my_py_pkg/lib/python3.12/site-packages/my_py_pkg-0.0.0-py3.12.egg-info
[1.162s] running install_scripts
[1.285s] Installing add_two_ints_client script to /home/parshva/ros2_ws/install/my_py_pkg/lib/my_py_pkg
[1.286s] Installing add_two_ints_client_no_oop script to /home/parshva/ros2_ws/install/my_py_pkg/lib/my_py_pkg
[1.286s] Installing add_two_ints_server script to /home/parshva/ros2_ws/install/my_py_pkg/lib/my_py_pkg
[1.286s] Installing number_counter script to /home/parshva/ros2_ws/install/my_py_pkg/lib/my_py_pkg
[1.286s] Installing number_publisher script to /home/parshva/ros2_ws/install/my_py_pkg/lib/my_py_pkg
[1.286s] Installing py_node script to /home/parshva/ros2_ws/install/my_py_pkg/lib/my_py_pkg
[1.286s] Installing robot_news script to /home/parshva/ros2_ws/install/my_py_pkg/lib/my_py_pkg
[1.286s] Installing smartphone script to /home/parshva/ros2_ws/install/my_py_pkg/lib/my_py_pkg
[1.286s] writing list of installed files to '/home/parshva/ros2_ws/build/my_py_pkg/install.log'
[1.322s] Invoked command in '/home/parshva/ros2_ws/src/my_py_pkg' returned '0': DEBUGINFOD_URLS=https://debuginfod.ubuntu.com PYTHONPATH=/home/parshva/ros2_ws/build/my_py_pkg/prefix_override:/usr/lib/python3/dist-packages/colcon_core/task/python/colcon_distutils_commands:/home/parshva/ros2_ws/install/my_py_pkg/lib/python3.12/site-packages:${PYTHONPATH} /usr/bin/python3 -W ignore:setup.py install is deprecated -W ignore:easy_install command is deprecated setup.py egg_info --egg-base ../../build/my_py_pkg build --build-base /home/parshva/ros2_ws/build/my_py_pkg/build install --record /home/parshva/ros2_ws/build/my_py_pkg/install.log --single-version-externally-managed install_data
