/home/parshva/ros2_ws/install/my_py_pkg/lib/python3.12/site-packages/my_py_pkg/number_counter.py
/home/parshva/ros2_ws/install/my_py_pkg/lib/python3.12/site-packages/my_py_pkg/number_publisher.py
/home/parshva/ros2_ws/install/my_py_pkg/lib/python3.12/site-packages/my_py_pkg/__init__.py
/home/parshva/ros2_ws/install/my_py_pkg/lib/python3.12/site-packages/my_py_pkg/smartphone.py
/home/parshva/ros2_ws/install/my_py_pkg/lib/python3.12/site-packages/my_py_pkg/add_two_ints_server.py
/home/parshva/ros2_ws/install/my_py_pkg/lib/python3.12/site-packages/my_py_pkg/add_two_ints_client_no_oop.py
/home/parshva/ros2_ws/install/my_py_pkg/lib/python3.12/site-packages/my_py_pkg/add_two_ints_client.py
/home/parshva/ros2_ws/install/my_py_pkg/lib/python3.12/site-packages/my_py_pkg/robot_news_station.py
/home/parshva/ros2_ws/install/my_py_pkg/lib/python3.12/site-packages/my_py_pkg/my_first_node.py
/home/parshva/ros2_ws/install/my_py_pkg/lib/python3.12/site-packages/my_py_pkg/__pycache__/number_counter.cpython-312.pyc
/home/parshva/ros2_ws/install/my_py_pkg/lib/python3.12/site-packages/my_py_pkg/__pycache__/number_publisher.cpython-312.pyc
/home/parshva/ros2_ws/install/my_py_pkg/lib/python3.12/site-packages/my_py_pkg/__pycache__/__init__.cpython-312.pyc
/home/parshva/ros2_ws/install/my_py_pkg/lib/python3.12/site-packages/my_py_pkg/__pycache__/smartphone.cpython-312.pyc
/home/parshva/ros2_ws/install/my_py_pkg/lib/python3.12/site-packages/my_py_pkg/__pycache__/add_two_ints_server.cpython-312.pyc
/home/parshva/ros2_ws/install/my_py_pkg/lib/python3.12/site-packages/my_py_pkg/__pycache__/add_two_ints_client_no_oop.cpython-312.pyc
/home/parshva/ros2_ws/install/my_py_pkg/lib/python3.12/site-packages/my_py_pkg/__pycache__/add_two_ints_client.cpython-312.pyc
/home/parshva/ros2_ws/install/my_py_pkg/lib/python3.12/site-packages/my_py_pkg/__pycache__/robot_news_station.cpython-312.pyc
/home/parshva/ros2_ws/install/my_py_pkg/lib/python3.12/site-packages/my_py_pkg/__pycache__/my_first_node.cpython-312.pyc
/home/parshva/ros2_ws/install/my_py_pkg/share/ament_index/resource_index/packages/my_py_pkg
/home/parshva/ros2_ws/install/my_py_pkg/share/my_py_pkg/package.xml
/home/parshva/ros2_ws/install/my_py_pkg/lib/python3.12/site-packages/my_py_pkg-0.0.0-py3.12.egg-info/zip-safe
/home/parshva/ros2_ws/install/my_py_pkg/lib/python3.12/site-packages/my_py_pkg-0.0.0-py3.12.egg-info/requires.txt
/home/parshva/ros2_ws/install/my_py_pkg/lib/python3.12/site-packages/my_py_pkg-0.0.0-py3.12.egg-info/dependency_links.txt
/home/parshva/ros2_ws/install/my_py_pkg/lib/python3.12/site-packages/my_py_pkg-0.0.0-py3.12.egg-info/PKG-INFO
/home/parshva/ros2_ws/install/my_py_pkg/lib/python3.12/site-packages/my_py_pkg-0.0.0-py3.12.egg-info/entry_points.txt
/home/parshva/ros2_ws/install/my_py_pkg/lib/python3.12/site-packages/my_py_pkg-0.0.0-py3.12.egg-info/top_level.txt
/home/parshva/ros2_ws/install/my_py_pkg/lib/python3.12/site-packages/my_py_pkg-0.0.0-py3.12.egg-info/SOURCES.txt
/home/parshva/ros2_ws/install/my_py_pkg/lib/my_py_pkg/add_two_ints_client
/home/parshva/ros2_ws/install/my_py_pkg/lib/my_py_pkg/add_two_ints_client_no_oop
/home/parshva/ros2_ws/install/my_py_pkg/lib/my_py_pkg/add_two_ints_server
/home/parshva/ros2_ws/install/my_py_pkg/lib/my_py_pkg/number_counter
/home/parshva/ros2_ws/install/my_py_pkg/lib/my_py_pkg/number_publisher
/home/parshva/ros2_ws/install/my_py_pkg/lib/my_py_pkg/py_node
/home/parshva/ros2_ws/install/my_py_pkg/lib/my_py_pkg/robot_news
/home/parshva/ros2_ws/install/my_py_pkg/lib/my_py_pkg/smartphone
