[0.008s] Invoking command in '/home/parshva/ros2_ws1/build/my_robot_bringup': CMAKE_PREFIX_PATH=${CMAKE_PREFIX_PATH}:/home/parshva/ros2_ws/install/my_py_pkg:/opt/ros/jazzy DEBUGINFOD_URLS=https://debuginfod.ubuntu.com /usr/bin/cmake /home/parshva/ros2_ws1/src/my_robot_bringup -DCMAKE_INSTALL_PREFIX=/home/parshva/ros2_ws1/install/my_robot_bringup
[0.105s] -- The C compiler identification is GNU 13.3.0
[0.172s] -- The CXX compiler identification is GNU 13.3.0
[0.185s] -- Detecting C compiler ABI info
[0.257s] -- Detecting C compiler ABI info - done
[0.262s] -- Check for working C compiler: /usr/bin/cc - skipped
[0.263s] -- Detecting C compile features
[0.263s] -- Detecting C compile features - done
[0.271s] -- Detecting CXX compiler ABI info
[0.349s] -- Detecting CXX compiler ABI info - done
[0.355s] -- Check for working CXX compiler: /usr/bin/c++ - skipped
[0.356s] -- Detecting CXX compile features
[0.356s] -- Detecting CXX compile features - done
[0.359s] -- Found ament_cmake: 2.5.5 (/opt/ros/jazzy/share/ament_cmake/cmake)
[0.462s] -- Found Python3: /usr/bin/python3 (found version "3.12.3") found components: Interpreter 
[0.536s] -- Found ament_lint_auto: 0.17.4 (/opt/ros/jazzy/share/ament_lint_auto/cmake)
[0.609s] -- Added test 'lint_cmake' to check CMake code style
[0.610s] -- Added test 'xmllint' to check XML markup files
[0.611s] -- Configuring done (0.6s)
[0.612s] -- Generating done (0.0s)
[0.613s] -- Build files have been written to: /home/parshva/ros2_ws1/build/my_robot_bringup
[0.617s] Invoked command in '/home/parshva/ros2_ws1/build/my_robot_bringup' returned '0': CMAKE_PREFIX_PATH=${CMAKE_PREFIX_PATH}:/home/parshva/ros2_ws/install/my_py_pkg:/opt/ros/jazzy DEBUGINFOD_URLS=https://debuginfod.ubuntu.com /usr/bin/cmake /home/parshva/ros2_ws1/src/my_robot_bringup -DCMAKE_INSTALL_PREFIX=/home/parshva/ros2_ws1/install/my_robot_bringup
[0.618s] Invoking command in '/home/parshva/ros2_ws1/build/my_robot_bringup': CMAKE_PREFIX_PATH=${CMAKE_PREFIX_PATH}:/home/parshva/ros2_ws/install/my_py_pkg:/opt/ros/jazzy DEBUGINFOD_URLS=https://debuginfod.ubuntu.com /usr/bin/cmake --build /home/parshva/ros2_ws1/build/my_robot_bringup -- -j22 -l22
[0.654s] Invoked command in '/home/parshva/ros2_ws1/build/my_robot_bringup' returned '0': CMAKE_PREFIX_PATH=${CMAKE_PREFIX_PATH}:/home/parshva/ros2_ws/install/my_py_pkg:/opt/ros/jazzy DEBUGINFOD_URLS=https://debuginfod.ubuntu.com /usr/bin/cmake --build /home/parshva/ros2_ws1/build/my_robot_bringup -- -j22 -l22
[0.655s] Invoking command in '/home/parshva/ros2_ws1/build/my_robot_bringup': CMAKE_PREFIX_PATH=${CMAKE_PREFIX_PATH}:/home/parshva/ros2_ws/install/my_py_pkg:/opt/ros/jazzy DEBUGINFOD_URLS=https://debuginfod.ubuntu.com /usr/bin/cmake --install /home/parshva/ros2_ws1/build/my_robot_bringup
[0.662s] -- Install configuration: ""
[0.662s] -- Installing: /home/parshva/ros2_ws1/install/my_robot_bringup/share/ament_index/resource_index/package_run_dependencies/my_robot_bringup
[0.662s] -- Installing: /home/parshva/ros2_ws1/install/my_robot_bringup/share/ament_index/resource_index/parent_prefix_path/my_robot_bringup
[0.662s] -- Installing: /home/parshva/ros2_ws1/install/my_robot_bringup/share/my_robot_bringup/environment/ament_prefix_path.sh
[0.662s] -- Installing: /home/parshva/ros2_ws1/install/my_robot_bringup/share/my_robot_bringup/environment/ament_prefix_path.dsv
[0.662s] -- Installing: /home/parshva/ros2_ws1/install/my_robot_bringup/share/my_robot_bringup/environment/path.sh
[0.663s] -- Installing: /home/parshva/ros2_ws1/install/my_robot_bringup/share/my_robot_bringup/environment/path.dsv
[0.663s] -- Installing: /home/parshva/ros2_ws1/install/my_robot_bringup/share/my_robot_bringup/local_setup.bash
[0.664s] -- Installing: /home/parshva/ros2_ws1/install/my_robot_bringup/share/my_robot_bringup/local_setup.sh
[0.664s] -- Installing: /home/parshva/ros2_ws1/install/my_robot_bringup/share/my_robot_bringup/local_setup.zsh
[0.664s] -- Installing: /home/parshva/ros2_ws1/install/my_robot_bringup/share/my_robot_bringup/local_setup.dsv
[0.665s] -- Installing: /home/parshva/ros2_ws1/install/my_robot_bringup/share/my_robot_bringup/package.dsv
[0.665s] -- Installing: /home/parshva/ros2_ws1/install/my_robot_bringup/share/ament_index/resource_index/packages/my_robot_bringup
[0.665s] -- Installing: /home/parshva/ros2_ws1/install/my_robot_bringup/share/my_robot_bringup/cmake/my_robot_bringupConfig.cmake
[0.665s] -- Installing: /home/parshva/ros2_ws1/install/my_robot_bringup/share/my_robot_bringup/cmake/my_robot_bringupConfig-version.cmake
[0.666s] -- Installing: /home/parshva/ros2_ws1/install/my_robot_bringup/share/my_robot_bringup/package.xml
[0.666s] Invoked command in '/home/parshva/ros2_ws1/build/my_robot_bringup' returned '0': CMAKE_PREFIX_PATH=${CMAKE_PREFIX_PATH}:/home/parshva/ros2_ws/install/my_py_pkg:/opt/ros/jazzy DEBUGINFOD_URLS=https://debuginfod.ubuntu.com /usr/bin/cmake --install /home/parshva/ros2_ws1/build/my_robot_bringup
