[0.009s] Invoking command in '/home/parshva/ros2_ws1/build/my_robot_description': CMAKE_PREFIX_PATH=${CMAKE_PREFIX_PATH}:/home/parshva/ros2_ws/install/my_py_pkg:/opt/ros/jazzy DEBUGINFOD_URLS=https://debuginfod.ubuntu.com /usr/bin/cmake /home/parshva/ros2_ws1/src/my_robot_description -DCMAKE_INSTALL_PREFIX=/home/parshva/ros2_ws1/install/my_robot_description
[0.092s] -- The C compiler identification is GNU 13.3.0
[0.153s] -- The CXX compiler identification is GNU 13.3.0
[0.168s] -- Detecting C compiler ABI info
[0.241s] -- Detecting C compiler ABI info - done
[0.247s] -- Check for working C compiler: /usr/bin/cc - skipped
[0.247s] -- Detecting C compile features
[0.248s] -- Detecting C compile features - done
[0.254s] -- Detecting CXX compiler ABI info
[0.321s] -- Detecting CXX compiler ABI info - done
[0.326s] -- Check for working CXX compiler: /usr/bin/c++ - skipped
[0.327s] -- Detecting CXX compile features
[0.327s] -- Detecting CXX compile features - done
[0.329s] -- Found ament_cmake: 2.5.5 (/opt/ros/jazzy/share/ament_cmake/cmake)
[0.425s] -- Found Python3: /usr/bin/python3 (found version "3.12.3") found components: Interpreter 
[0.556s] -- Configuring done (0.5s)
[0.557s] -- Generating done (0.0s)
[0.558s] -- Build files have been written to: /home/parshva/ros2_ws1/build/my_robot_description
[0.562s] Invoked command in '/home/parshva/ros2_ws1/build/my_robot_description' returned '0': CMAKE_PREFIX_PATH=${CMAKE_PREFIX_PATH}:/home/parshva/ros2_ws/install/my_py_pkg:/opt/ros/jazzy DEBUGINFOD_URLS=https://debuginfod.ubuntu.com /usr/bin/cmake /home/parshva/ros2_ws1/src/my_robot_description -DCMAKE_INSTALL_PREFIX=/home/parshva/ros2_ws1/install/my_robot_description
[0.563s] Invoking command in '/home/parshva/ros2_ws1/build/my_robot_description': CMAKE_PREFIX_PATH=${CMAKE_PREFIX_PATH}:/home/parshva/ros2_ws/install/my_py_pkg:/opt/ros/jazzy DEBUGINFOD_URLS=https://debuginfod.ubuntu.com /usr/bin/cmake --build /home/parshva/ros2_ws1/build/my_robot_description -- -j22 -l22
[0.591s] Invoked command in '/home/parshva/ros2_ws1/build/my_robot_description' returned '0': CMAKE_PREFIX_PATH=${CMAKE_PREFIX_PATH}:/home/parshva/ros2_ws/install/my_py_pkg:/opt/ros/jazzy DEBUGINFOD_URLS=https://debuginfod.ubuntu.com /usr/bin/cmake --build /home/parshva/ros2_ws1/build/my_robot_description -- -j22 -l22
[0.598s] Invoking command in '/home/parshva/ros2_ws1/build/my_robot_description': CMAKE_PREFIX_PATH=${CMAKE_PREFIX_PATH}:/home/parshva/ros2_ws/install/my_py_pkg:/opt/ros/jazzy DEBUGINFOD_URLS=https://debuginfod.ubuntu.com /usr/bin/cmake --install /home/parshva/ros2_ws1/build/my_robot_description
[0.605s] -- Install configuration: ""
[0.605s] -- Installing: /home/parshva/ros2_ws1/install/my_robot_description/share/my_robot_description//urdf
[0.605s] -- Installing: /home/parshva/ros2_ws1/install/my_robot_description/share/my_robot_description//urdf/my_robot.urdf
[0.605s] -- Installing: /home/parshva/ros2_ws1/install/my_robot_description/share/ament_index/resource_index/package_run_dependencies/my_robot_description
[0.606s] -- Installing: /home/parshva/ros2_ws1/install/my_robot_description/share/ament_index/resource_index/parent_prefix_path/my_robot_description
[0.606s] -- Installing: /home/parshva/ros2_ws1/install/my_robot_description/share/my_robot_description/environment/ament_prefix_path.sh
[0.606s] -- Installing: /home/parshva/ros2_ws1/install/my_robot_description/share/my_robot_description/environment/ament_prefix_path.dsv
[0.606s] -- Installing: /home/parshva/ros2_ws1/install/my_robot_description/share/my_robot_description/environment/path.sh
[0.606s] -- Installing: /home/parshva/ros2_ws1/install/my_robot_description/share/my_robot_description/environment/path.dsv
[0.606s] -- Installing: /home/parshva/ros2_ws1/install/my_robot_description/share/my_robot_description/local_setup.bash
[0.606s] -- Installing: /home/parshva/ros2_ws1/install/my_robot_description/share/my_robot_description/local_setup.sh
[0.606s] -- Installing: /home/parshva/ros2_ws1/install/my_robot_description/share/my_robot_description/local_setup.zsh
[0.606s] -- Installing: /home/parshva/ros2_ws1/install/my_robot_description/share/my_robot_description/local_setup.dsv
[0.606s] -- Installing: /home/parshva/ros2_ws1/install/my_robot_description/share/my_robot_description/package.dsv
[0.606s] -- Installing: /home/parshva/ros2_ws1/install/my_robot_description/share/ament_index/resource_index/packages/my_robot_description
[0.606s] -- Installing: /home/parshva/ros2_ws1/install/my_robot_description/share/my_robot_description/cmake/my_robot_descriptionConfig.cmake
[0.606s] -- Installing: /home/parshva/ros2_ws1/install/my_robot_description/share/my_robot_description/cmake/my_robot_descriptionConfig-version.cmake
[0.606s] -- Installing: /home/parshva/ros2_ws1/install/my_robot_description/share/my_robot_description/package.xml
[0.607s] Invoked command in '/home/parshva/ros2_ws1/build/my_robot_description' returned '0': CMAKE_PREFIX_PATH=${CMAKE_PREFIX_PATH}:/home/parshva/ros2_ws/install/my_py_pkg:/opt/ros/jazzy DEBUGINFOD_URLS=https://debuginfod.ubuntu.com /usr/bin/cmake --install /home/parshva/ros2_ws1/build/my_robot_description
