[0.101s] DEBUG:colcon:Command line arguments: ['/usr/bin/colcon', 'build']
[0.101s] DEBUG:colcon:Parsed command line arguments: Namespace(log_base=None, log_level=None, verb_name='build', build_base='build', install_base='install', merge_install=False, symlink_install=False, test_result_base=None, continue_on_error=False, executor='parallel', parallel_workers=22, event_handlers=None, ignore_user_meta=False, metas=['./colcon.meta'], base_paths=['.'], packages_ignore=None, packages_ignore_regex=None, paths=None, packages_up_to=None, packages_up_to_regex=None, packages_above=None, packages_above_and_dependencies=None, packages_above_depth=None, packages_select_by_dep=None, packages_skip_by_dep=None, packages_skip_up_to=None, packages_select_build_failed=False, packages_skip_build_finished=False, packages_select_test_failures=False, packages_skip_test_passed=False, packages_select=None, packages_skip=None, packages_select_regex=None, packages_skip_regex=None, packages_start=None, packages_end=None, allow_overriding=[], cmake_args=None, cmake_target=None, cmake_target_skip_unavailable=False, cmake_clean_cache=False, cmake_clean_first=False, cmake_force_configure=False, ament_cmake_args=None, catkin_cmake_args=None, catkin_skip_building_tests=False, verb_parser=<colcon_defaults.argument_parser.defaults.DefaultArgumentsDecorator object at 0x74f6b597d010>, verb_extension=<colcon_core.verb.build.BuildVerb object at 0x74f6b597cda0>, main=<bound method BuildVerb.main of <colcon_core.verb.build.BuildVerb object at 0x74f6b597cda0>>)
[0.141s] Level 1:colcon.colcon_core.package_discovery:discover_packages(colcon_meta) check parameters
[0.141s] Level 1:colcon.colcon_core.package_discovery:discover_packages(recursive) check parameters
[0.141s] Level 1:colcon.colcon_core.package_discovery:discover_packages(ignore) check parameters
[0.141s] Level 1:colcon.colcon_core.package_discovery:discover_packages(path) check parameters
[0.141s] Level 1:colcon.colcon_core.package_discovery:discover_packages(colcon_meta) discover
[0.141s] Level 1:colcon.colcon_core.package_discovery:discover_packages(recursive) discover
[0.141s] INFO:colcon.colcon_core.package_discovery:Crawling recursively for packages in '/home/parshva/ros2_ws'
[0.141s] Level 1:colcon.colcon_core.package_identification:_identify(.) by extensions ['ignore', 'ignore_ament_install']
[0.141s] Level 1:colcon.colcon_core.package_identification:_identify(.) by extension 'ignore'
[0.141s] Level 1:colcon.colcon_core.package_identification:_identify(.) by extension 'ignore_ament_install'
[0.141s] Level 1:colcon.colcon_core.package_identification:_identify(.) by extensions ['colcon_pkg']
[0.141s] Level 1:colcon.colcon_core.package_identification:_identify(.) by extension 'colcon_pkg'
[0.141s] Level 1:colcon.colcon_core.package_identification:_identify(.) by extensions ['colcon_meta']
[0.141s] Level 1:colcon.colcon_core.package_identification:_identify(.) by extension 'colcon_meta'
[0.141s] Level 1:colcon.colcon_core.package_identification:_identify(.) by extensions ['ros']
[0.141s] Level 1:colcon.colcon_core.package_identification:_identify(.) by extension 'ros'
[0.168s] Level 1:colcon.colcon_core.package_identification:_identify(.) by extensions ['cmake', 'python']
[0.168s] Level 1:colcon.colcon_core.package_identification:_identify(.) by extension 'cmake'
[0.168s] Level 1:colcon.colcon_core.package_identification:_identify(.) by extension 'python'
[0.168s] Level 1:colcon.colcon_core.package_identification:_identify(.) by extensions ['python_setup_py']
[0.168s] Level 1:colcon.colcon_core.package_identification:_identify(.) by extension 'python_setup_py'
[0.168s] Level 1:colcon.colcon_core.package_identification:_identify(build) by extensions ['ignore', 'ignore_ament_install']
[0.168s] Level 1:colcon.colcon_core.package_identification:_identify(build) by extension 'ignore'
[0.168s] Level 1:colcon.colcon_core.package_identification:_identify(build) ignored
[0.168s] Level 1:colcon.colcon_core.package_identification:_identify(install) by extensions ['ignore', 'ignore_ament_install']
[0.168s] Level 1:colcon.colcon_core.package_identification:_identify(install) by extension 'ignore'
[0.168s] Level 1:colcon.colcon_core.package_identification:_identify(install) ignored
[0.168s] Level 1:colcon.colcon_core.package_identification:_identify(log) by extensions ['ignore', 'ignore_ament_install']
[0.168s] Level 1:colcon.colcon_core.package_identification:_identify(log) by extension 'ignore'
[0.168s] Level 1:colcon.colcon_core.package_identification:_identify(log) ignored
[0.168s] Level 1:colcon.colcon_core.package_identification:_identify(src) by extensions ['ignore', 'ignore_ament_install']
[0.169s] Level 1:colcon.colcon_core.package_identification:_identify(src) by extension 'ignore'
[0.169s] Level 1:colcon.colcon_core.package_identification:_identify(src) by extension 'ignore_ament_install'
[0.169s] Level 1:colcon.colcon_core.package_identification:_identify(src) by extensions ['colcon_pkg']
[0.169s] Level 1:colcon.colcon_core.package_identification:_identify(src) by extension 'colcon_pkg'
[0.169s] Level 1:colcon.colcon_core.package_identification:_identify(src) by extensions ['colcon_meta']
[0.169s] Level 1:colcon.colcon_core.package_identification:_identify(src) by extension 'colcon_meta'
[0.169s] Level 1:colcon.colcon_core.package_identification:_identify(src) by extensions ['ros']
[0.169s] Level 1:colcon.colcon_core.package_identification:_identify(src) by extension 'ros'
[0.169s] Level 1:colcon.colcon_core.package_identification:_identify(src) by extensions ['cmake', 'python']
[0.169s] Level 1:colcon.colcon_core.package_identification:_identify(src) by extension 'cmake'
[0.169s] Level 1:colcon.colcon_core.package_identification:_identify(src) by extension 'python'
[0.169s] Level 1:colcon.colcon_core.package_identification:_identify(src) by extensions ['python_setup_py']
[0.169s] Level 1:colcon.colcon_core.package_identification:_identify(src) by extension 'python_setup_py'
[0.169s] Level 1:colcon.colcon_core.package_identification:_identify(src/my_cpp_package) by extensions ['ignore', 'ignore_ament_install']
[0.169s] Level 1:colcon.colcon_core.package_identification:_identify(src/my_cpp_package) by extension 'ignore'
[0.169s] Level 1:colcon.colcon_core.package_identification:_identify(src/my_cpp_package) by extension 'ignore_ament_install'
[0.169s] Level 1:colcon.colcon_core.package_identification:_identify(src/my_cpp_package) by extensions ['colcon_pkg']
[0.169s] Level 1:colcon.colcon_core.package_identification:_identify(src/my_cpp_package) by extension 'colcon_pkg'
[0.169s] Level 1:colcon.colcon_core.package_identification:_identify(src/my_cpp_package) by extensions ['colcon_meta']
[0.169s] Level 1:colcon.colcon_core.package_identification:_identify(src/my_cpp_package) by extension 'colcon_meta'
[0.169s] Level 1:colcon.colcon_core.package_identification:_identify(src/my_cpp_package) by extensions ['ros']
[0.169s] Level 1:colcon.colcon_core.package_identification:_identify(src/my_cpp_package) by extension 'ros'
[0.172s] DEBUG:colcon.colcon_core.package_identification:Package 'src/my_cpp_package' with type 'ros.ament_cmake' and name 'my_cpp_package'
[0.173s] Level 1:colcon.colcon_core.package_identification:_identify(src/my_py_pkg) by extensions ['ignore', 'ignore_ament_install']
[0.173s] Level 1:colcon.colcon_core.package_identification:_identify(src/my_py_pkg) by extension 'ignore'
[0.173s] Level 1:colcon.colcon_core.package_identification:_identify(src/my_py_pkg) by extension 'ignore_ament_install'
[0.173s] Level 1:colcon.colcon_core.package_identification:_identify(src/my_py_pkg) by extensions ['colcon_pkg']
[0.173s] Level 1:colcon.colcon_core.package_identification:_identify(src/my_py_pkg) by extension 'colcon_pkg'
[0.173s] Level 1:colcon.colcon_core.package_identification:_identify(src/my_py_pkg) by extensions ['colcon_meta']
[0.173s] Level 1:colcon.colcon_core.package_identification:_identify(src/my_py_pkg) by extension 'colcon_meta'
[0.173s] Level 1:colcon.colcon_core.package_identification:_identify(src/my_py_pkg) by extensions ['ros']
[0.173s] Level 1:colcon.colcon_core.package_identification:_identify(src/my_py_pkg) by extension 'ros'
[0.174s] DEBUG:colcon.colcon_core.package_identification:Package 'src/my_py_pkg' with type 'ros.ament_python' and name 'my_py_pkg'
[0.174s] Level 1:colcon.colcon_core.package_identification:_identify(src/my_robot_interfaces) by extensions ['ignore', 'ignore_ament_install']
[0.174s] Level 1:colcon.colcon_core.package_identification:_identify(src/my_robot_interfaces) by extension 'ignore'
[0.174s] Level 1:colcon.colcon_core.package_identification:_identify(src/my_robot_interfaces) by extension 'ignore_ament_install'
[0.174s] Level 1:colcon.colcon_core.package_identification:_identify(src/my_robot_interfaces) by extensions ['colcon_pkg']
[0.174s] Level 1:colcon.colcon_core.package_identification:_identify(src/my_robot_interfaces) by extension 'colcon_pkg'
[0.174s] Level 1:colcon.colcon_core.package_identification:_identify(src/my_robot_interfaces) by extensions ['colcon_meta']
[0.174s] Level 1:colcon.colcon_core.package_identification:_identify(src/my_robot_interfaces) by extension 'colcon_meta'
[0.174s] Level 1:colcon.colcon_core.package_identification:_identify(src/my_robot_interfaces) by extensions ['ros']
[0.174s] Level 1:colcon.colcon_core.package_identification:_identify(src/my_robot_interfaces) by extension 'ros'
[0.174s] DEBUG:colcon.colcon_core.package_identification:Package 'src/my_robot_interfaces' with type 'ros.ament_cmake' and name 'my_robot_interfaces'
[0.174s] Level 1:colcon.colcon_core.package_discovery:discover_packages(recursive) using defaults
[0.174s] Level 1:colcon.colcon_core.package_discovery:discover_packages(ignore) discover
[0.174s] Level 1:colcon.colcon_core.package_discovery:discover_packages(ignore) using defaults
[0.175s] Level 1:colcon.colcon_core.package_discovery:discover_packages(path) discover
[0.175s] Level 1:colcon.colcon_core.package_discovery:discover_packages(path) using defaults
[0.193s] Level 1:colcon.colcon_core.package_discovery:discover_packages(prefix_path) check parameters
[0.193s] Level 1:colcon.colcon_core.package_discovery:discover_packages(prefix_path) discover
[0.195s] DEBUG:colcon.colcon_installed_package_information.package_discovery:Found 286 installed packages in /opt/ros/jazzy
[0.196s] Level 1:colcon.colcon_core.package_discovery:discover_packages(prefix_path) using defaults
[0.236s] Level 5:colcon.colcon_core.verb:set package 'my_cpp_package' build argument 'cmake_args' from command line to 'None'
[0.236s] Level 5:colcon.colcon_core.verb:set package 'my_cpp_package' build argument 'cmake_target' from command line to 'None'
[0.236s] Level 5:colcon.colcon_core.verb:set package 'my_cpp_package' build argument 'cmake_target_skip_unavailable' from command line to 'False'
[0.236s] Level 5:colcon.colcon_core.verb:set package 'my_cpp_package' build argument 'cmake_clean_cache' from command line to 'False'
[0.236s] Level 5:colcon.colcon_core.verb:set package 'my_cpp_package' build argument 'cmake_clean_first' from command line to 'False'
[0.236s] Level 5:colcon.colcon_core.verb:set package 'my_cpp_package' build argument 'cmake_force_configure' from command line to 'False'
[0.236s] Level 5:colcon.colcon_core.verb:set package 'my_cpp_package' build argument 'ament_cmake_args' from command line to 'None'
[0.236s] Level 5:colcon.colcon_core.verb:set package 'my_cpp_package' build argument 'catkin_cmake_args' from command line to 'None'
[0.236s] Level 5:colcon.colcon_core.verb:set package 'my_cpp_package' build argument 'catkin_skip_building_tests' from command line to 'False'
[0.236s] DEBUG:colcon.colcon_core.verb:Building package 'my_cpp_package' with the following arguments: {'ament_cmake_args': None, 'build_base': '/home/parshva/ros2_ws/build/my_cpp_package', 'catkin_cmake_args': None, 'catkin_skip_building_tests': False, 'cmake_args': None, 'cmake_clean_cache': False, 'cmake_clean_first': False, 'cmake_force_configure': False, 'cmake_target': None, 'cmake_target_skip_unavailable': False, 'install_base': '/home/parshva/ros2_ws/install/my_cpp_package', 'merge_install': False, 'path': '/home/parshva/ros2_ws/src/my_cpp_package', 'symlink_install': False, 'test_result_base': None}
[0.236s] Level 5:colcon.colcon_core.verb:set package 'my_py_pkg' build argument 'cmake_args' from command line to 'None'
[0.236s] Level 5:colcon.colcon_core.verb:set package 'my_py_pkg' build argument 'cmake_target' from command line to 'None'
[0.236s] Level 5:colcon.colcon_core.verb:set package 'my_py_pkg' build argument 'cmake_target_skip_unavailable' from command line to 'False'
[0.236s] Level 5:colcon.colcon_core.verb:set package 'my_py_pkg' build argument 'cmake_clean_cache' from command line to 'False'
[0.236s] Level 5:colcon.colcon_core.verb:set package 'my_py_pkg' build argument 'cmake_clean_first' from command line to 'False'
[0.236s] Level 5:colcon.colcon_core.verb:set package 'my_py_pkg' build argument 'cmake_force_configure' from command line to 'False'
[0.236s] Level 5:colcon.colcon_core.verb:set package 'my_py_pkg' build argument 'ament_cmake_args' from command line to 'None'
[0.236s] Level 5:colcon.colcon_core.verb:set package 'my_py_pkg' build argument 'catkin_cmake_args' from command line to 'None'
[0.236s] Level 5:colcon.colcon_core.verb:set package 'my_py_pkg' build argument 'catkin_skip_building_tests' from command line to 'False'
[0.236s] DEBUG:colcon.colcon_core.verb:Building package 'my_py_pkg' with the following arguments: {'ament_cmake_args': None, 'build_base': '/home/parshva/ros2_ws/build/my_py_pkg', 'catkin_cmake_args': None, 'catkin_skip_building_tests': False, 'cmake_args': None, 'cmake_clean_cache': False, 'cmake_clean_first': False, 'cmake_force_configure': False, 'cmake_target': None, 'cmake_target_skip_unavailable': False, 'install_base': '/home/parshva/ros2_ws/install/my_py_pkg', 'merge_install': False, 'path': '/home/parshva/ros2_ws/src/my_py_pkg', 'symlink_install': False, 'test_result_base': None}
[0.237s] Level 5:colcon.colcon_core.verb:set package 'my_robot_interfaces' build argument 'cmake_args' from command line to 'None'
[0.237s] Level 5:colcon.colcon_core.verb:set package 'my_robot_interfaces' build argument 'cmake_target' from command line to 'None'
[0.237s] Level 5:colcon.colcon_core.verb:set package 'my_robot_interfaces' build argument 'cmake_target_skip_unavailable' from command line to 'False'
[0.237s] Level 5:colcon.colcon_core.verb:set package 'my_robot_interfaces' build argument 'cmake_clean_cache' from command line to 'False'
[0.237s] Level 5:colcon.colcon_core.verb:set package 'my_robot_interfaces' build argument 'cmake_clean_first' from command line to 'False'
[0.237s] Level 5:colcon.colcon_core.verb:set package 'my_robot_interfaces' build argument 'cmake_force_configure' from command line to 'False'
[0.237s] Level 5:colcon.colcon_core.verb:set package 'my_robot_interfaces' build argument 'ament_cmake_args' from command line to 'None'
[0.237s] Level 5:colcon.colcon_core.verb:set package 'my_robot_interfaces' build argument 'catkin_cmake_args' from command line to 'None'
[0.237s] Level 5:colcon.colcon_core.verb:set package 'my_robot_interfaces' build argument 'catkin_skip_building_tests' from command line to 'False'
[0.237s] DEBUG:colcon.colcon_core.verb:Building package 'my_robot_interfaces' with the following arguments: {'ament_cmake_args': None, 'build_base': '/home/parshva/ros2_ws/build/my_robot_interfaces', 'catkin_cmake_args': None, 'catkin_skip_building_tests': False, 'cmake_args': None, 'cmake_clean_cache': False, 'cmake_clean_first': False, 'cmake_force_configure': False, 'cmake_target': None, 'cmake_target_skip_unavailable': False, 'install_base': '/home/parshva/ros2_ws/install/my_robot_interfaces', 'merge_install': False, 'path': '/home/parshva/ros2_ws/src/my_robot_interfaces', 'symlink_install': False, 'test_result_base': None}
[0.237s] INFO:colcon.colcon_core.executor:Executing jobs using 'parallel' executor
[0.238s] DEBUG:colcon.colcon_parallel_executor.executor.parallel:run_until_complete
[0.239s] INFO:colcon.colcon_ros.task.ament_cmake.build:Building ROS package in '/home/parshva/ros2_ws/src/my_cpp_package' with build type 'ament_cmake'
[0.239s] INFO:colcon.colcon_cmake.task.cmake.build:Building CMake package in '/home/parshva/ros2_ws/src/my_cpp_package'
[0.241s] INFO:colcon.colcon_core.plugin_system:Skipping extension 'colcon_core.shell.bat': Not used on non-Windows systems
[0.241s] INFO:colcon.colcon_core.shell:Skip shell extension 'powershell' for command environment: Not usable outside of PowerShell
[0.241s] DEBUG:colcon.colcon_core.shell:Skip shell extension 'dsv' for command environment
[0.244s] INFO:colcon.colcon_ros.task.ament_python.build:Building ROS package in '/home/parshva/ros2_ws/src/my_py_pkg' with build type 'ament_python'
[0.244s] Level 1:colcon.colcon_core.shell:create_environment_hook('my_py_pkg', 'ament_prefix_path')
[0.244s] INFO:colcon.colcon_core.shell:Creating environment hook '/home/parshva/ros2_ws/install/my_py_pkg/share/my_py_pkg/hook/ament_prefix_path.ps1'
[0.245s] INFO:colcon.colcon_core.shell:Creating environment descriptor '/home/parshva/ros2_ws/install/my_py_pkg/share/my_py_pkg/hook/ament_prefix_path.dsv'
[0.245s] INFO:colcon.colcon_core.shell:Creating environment hook '/home/parshva/ros2_ws/install/my_py_pkg/share/my_py_pkg/hook/ament_prefix_path.sh'
[0.246s] INFO:colcon.colcon_core.shell:Skip shell extension 'powershell' for command environment: Not usable outside of PowerShell
[0.246s] DEBUG:colcon.colcon_core.shell:Skip shell extension 'dsv' for command environment
[0.248s] INFO:colcon.colcon_ros.task.ament_cmake.build:Building ROS package in '/home/parshva/ros2_ws/src/my_robot_interfaces' with build type 'ament_cmake'
[0.248s] INFO:colcon.colcon_cmake.task.cmake.build:Building CMake package in '/home/parshva/ros2_ws/src/my_robot_interfaces'
[0.248s] INFO:colcon.colcon_core.shell:Skip shell extension 'powershell' for command environment: Not usable outside of PowerShell
[0.248s] DEBUG:colcon.colcon_core.shell:Skip shell extension 'dsv' for command environment
[0.255s] DEBUG:colcon.colcon_core.event_handler.log_command:Invoking command in '/home/parshva/ros2_ws/build/my_cpp_package': CMAKE_PREFIX_PATH=${CMAKE_PREFIX_PATH}:/opt/ros/jazzy DEBUGINFOD_URLS=https://debuginfod.ubuntu.com /usr/bin/cmake /home/parshva/ros2_ws/src/my_cpp_package -DCMAKE_INSTALL_PREFIX=/home/parshva/ros2_ws/install/my_cpp_package
[0.472s] INFO:colcon.colcon_core.task.python.build:Building Python package in '/home/parshva/ros2_ws/src/my_py_pkg'
[0.472s] INFO:colcon.colcon_core.shell:Skip shell extension 'powershell' for command environment: Not usable outside of PowerShell
[0.472s] DEBUG:colcon.colcon_core.shell:Skip shell extension 'dsv' for command environment
[0.480s] DEBUG:colcon.colcon_core.event_handler.log_command:Invoking command in '/home/parshva/ros2_ws/build/my_robot_interfaces': CMAKE_PREFIX_PATH=${CMAKE_PREFIX_PATH}:/opt/ros/jazzy DEBUGINFOD_URLS=https://debuginfod.ubuntu.com /usr/bin/cmake /home/parshva/ros2_ws/src/my_robot_interfaces -DCMAKE_INSTALL_PREFIX=/home/parshva/ros2_ws/install/my_robot_interfaces
[1.047s] DEBUG:colcon.colcon_core.event_handler.log_command:Invoking command in '/home/parshva/ros2_ws/src/my_py_pkg': DEBUGINFOD_URLS=https://debuginfod.ubuntu.com PYTHONPATH=/home/parshva/ros2_ws/build/my_py_pkg/prefix_override:/usr/lib/python3/dist-packages/colcon_core/task/python/colcon_distutils_commands:/home/parshva/ros2_ws/install/my_py_pkg/lib/python3.12/site-packages:${PYTHONPATH} /usr/bin/python3 -W ignore:setup.py install is deprecated -W ignore:easy_install command is deprecated setup.py egg_info --egg-base ../../build/my_py_pkg build --build-base /home/parshva/ros2_ws/build/my_py_pkg/build install --record /home/parshva/ros2_ws/build/my_py_pkg/install.log --single-version-externally-managed install_data
[1.567s] DEBUG:colcon.colcon_core.event_handler.log_command:Invoked command in '/home/parshva/ros2_ws/src/my_py_pkg' returned '0': DEBUGINFOD_URLS=https://debuginfod.ubuntu.com PYTHONPATH=/home/parshva/ros2_ws/build/my_py_pkg/prefix_override:/usr/lib/python3/dist-packages/colcon_core/task/python/colcon_distutils_commands:/home/parshva/ros2_ws/install/my_py_pkg/lib/python3.12/site-packages:${PYTHONPATH} /usr/bin/python3 -W ignore:setup.py install is deprecated -W ignore:easy_install command is deprecated setup.py egg_info --egg-base ../../build/my_py_pkg build --build-base /home/parshva/ros2_ws/build/my_py_pkg/build install --record /home/parshva/ros2_ws/build/my_py_pkg/install.log --single-version-externally-managed install_data
[1.569s] Level 1:colcon.colcon_core.environment:checking '/home/parshva/ros2_ws/install/my_py_pkg' for CMake module files
[1.570s] Level 1:colcon.colcon_core.environment:checking '/home/parshva/ros2_ws/install/my_py_pkg' for CMake config files
[1.571s] Level 1:colcon.colcon_core.environment:checking '/home/parshva/ros2_ws/install/my_py_pkg/lib'
[1.572s] Level 1:colcon.colcon_core.environment:checking '/home/parshva/ros2_ws/install/my_py_pkg/bin'
[1.572s] Level 1:colcon.colcon_core.environment:checking '/home/parshva/ros2_ws/install/my_py_pkg/lib/pkgconfig/my_py_pkg.pc'
[1.572s] Level 1:colcon.colcon_core.environment:checking '/home/parshva/ros2_ws/install/my_py_pkg/lib/python3.12/site-packages'
[1.572s] Level 1:colcon.colcon_core.shell:create_environment_hook('my_py_pkg', 'pythonpath')
[1.573s] INFO:colcon.colcon_core.shell:Creating environment hook '/home/parshva/ros2_ws/install/my_py_pkg/share/my_py_pkg/hook/pythonpath.ps1'
[1.573s] INFO:colcon.colcon_core.shell:Creating environment descriptor '/home/parshva/ros2_ws/install/my_py_pkg/share/my_py_pkg/hook/pythonpath.dsv'
[1.574s] INFO:colcon.colcon_core.shell:Creating environment hook '/home/parshva/ros2_ws/install/my_py_pkg/share/my_py_pkg/hook/pythonpath.sh'
[1.575s] Level 1:colcon.colcon_core.environment:checking '/home/parshva/ros2_ws/install/my_py_pkg/bin'
[1.575s] Level 1:colcon.colcon_core.environment:create_environment_scripts_only(my_py_pkg)
[1.575s] INFO:colcon.colcon_core.shell:Creating package script '/home/parshva/ros2_ws/install/my_py_pkg/share/my_py_pkg/package.ps1'
[1.576s] INFO:colcon.colcon_core.shell:Creating package descriptor '/home/parshva/ros2_ws/install/my_py_pkg/share/my_py_pkg/package.dsv'
[1.577s] INFO:colcon.colcon_core.shell:Creating package script '/home/parshva/ros2_ws/install/my_py_pkg/share/my_py_pkg/package.sh'
[1.577s] INFO:colcon.colcon_core.shell:Creating package script '/home/parshva/ros2_ws/install/my_py_pkg/share/my_py_pkg/package.bash'
[1.578s] INFO:colcon.colcon_core.shell:Creating package script '/home/parshva/ros2_ws/install/my_py_pkg/share/my_py_pkg/package.zsh'
[1.579s] Level 1:colcon.colcon_core.environment:create_file_with_runtime_dependencies(/home/parshva/ros2_ws/install/my_py_pkg/share/colcon-core/packages/my_py_pkg)
[1.635s] DEBUG:colcon.colcon_core.event_handler.log_command:Invoked command in '/home/parshva/ros2_ws/build/my_cpp_package' returned '0': CMAKE_PREFIX_PATH=${CMAKE_PREFIX_PATH}:/opt/ros/jazzy DEBUGINFOD_URLS=https://debuginfod.ubuntu.com /usr/bin/cmake /home/parshva/ros2_ws/src/my_cpp_package -DCMAKE_INSTALL_PREFIX=/home/parshva/ros2_ws/install/my_cpp_package
[1.637s] DEBUG:colcon.colcon_core.event_handler.log_command:Invoking command in '/home/parshva/ros2_ws/build/my_cpp_package': CMAKE_PREFIX_PATH=${CMAKE_PREFIX_PATH}:/opt/ros/jazzy DEBUGINFOD_URLS=https://debuginfod.ubuntu.com /usr/bin/cmake --build /home/parshva/ros2_ws/build/my_cpp_package -- -j22 -l22
[1.693s] DEBUG:colcon.colcon_core.event_handler.log_command:Invoked command in '/home/parshva/ros2_ws/build/my_cpp_package' returned '0': CMAKE_PREFIX_PATH=${CMAKE_PREFIX_PATH}:/opt/ros/jazzy DEBUGINFOD_URLS=https://debuginfod.ubuntu.com /usr/bin/cmake --build /home/parshva/ros2_ws/build/my_cpp_package -- -j22 -l22
[1.706s] DEBUG:colcon.colcon_core.event_handler.log_command:Invoking command in '/home/parshva/ros2_ws/build/my_cpp_package': CMAKE_PREFIX_PATH=${CMAKE_PREFIX_PATH}:/opt/ros/jazzy DEBUGINFOD_URLS=https://debuginfod.ubuntu.com /usr/bin/cmake --install /home/parshva/ros2_ws/build/my_cpp_package
[1.719s] Level 1:colcon.colcon_core.environment:create_environment_scripts_only(my_cpp_package)
[1.720s] Level 1:colcon.colcon_core.environment:checking '/home/parshva/ros2_ws/install/my_cpp_package' for CMake module files
[1.720s] DEBUG:colcon.colcon_core.event_handler.log_command:Invoked command in '/home/parshva/ros2_ws/build/my_cpp_package' returned '0': CMAKE_PREFIX_PATH=${CMAKE_PREFIX_PATH}:/opt/ros/jazzy DEBUGINFOD_URLS=https://debuginfod.ubuntu.com /usr/bin/cmake --install /home/parshva/ros2_ws/build/my_cpp_package
[1.721s] Level 1:colcon.colcon_core.environment:checking '/home/parshva/ros2_ws/install/my_cpp_package' for CMake config files
[1.721s] Level 1:colcon.colcon_core.shell:create_environment_hook('my_cpp_package', 'cmake_prefix_path')
[1.722s] INFO:colcon.colcon_core.shell:Creating environment hook '/home/parshva/ros2_ws/install/my_cpp_package/share/my_cpp_package/hook/cmake_prefix_path.ps1'
[1.723s] INFO:colcon.colcon_core.shell:Creating environment descriptor '/home/parshva/ros2_ws/install/my_cpp_package/share/my_cpp_package/hook/cmake_prefix_path.dsv'
[1.723s] INFO:colcon.colcon_core.shell:Creating environment hook '/home/parshva/ros2_ws/install/my_cpp_package/share/my_cpp_package/hook/cmake_prefix_path.sh'
[1.724s] Level 1:colcon.colcon_core.environment:checking '/home/parshva/ros2_ws/install/my_cpp_package/bin'
[1.724s] Level 1:colcon.colcon_core.environment:checking '/home/parshva/ros2_ws/install/my_cpp_package/lib/pkgconfig/my_cpp_package.pc'
[1.724s] Level 1:colcon.colcon_core.environment:checking '/home/parshva/ros2_ws/install/my_cpp_package/lib/python3.12/site-packages'
[1.725s] Level 1:colcon.colcon_core.environment:checking '/home/parshva/ros2_ws/install/my_cpp_package/bin'
[1.725s] INFO:colcon.colcon_core.shell:Creating package script '/home/parshva/ros2_ws/install/my_cpp_package/share/my_cpp_package/package.ps1'
[1.726s] INFO:colcon.colcon_core.shell:Creating package descriptor '/home/parshva/ros2_ws/install/my_cpp_package/share/my_cpp_package/package.dsv'
[1.726s] INFO:colcon.colcon_core.shell:Creating package script '/home/parshva/ros2_ws/install/my_cpp_package/share/my_cpp_package/package.sh'
[1.726s] INFO:colcon.colcon_core.shell:Creating package script '/home/parshva/ros2_ws/install/my_cpp_package/share/my_cpp_package/package.bash'
[1.727s] INFO:colcon.colcon_core.shell:Creating package script '/home/parshva/ros2_ws/install/my_cpp_package/share/my_cpp_package/package.zsh'
[1.727s] Level 1:colcon.colcon_core.environment:create_file_with_runtime_dependencies(/home/parshva/ros2_ws/install/my_cpp_package/share/colcon-core/packages/my_cpp_package)
[1.728s] Level 1:colcon.colcon_core.environment:create_environment_scripts_only(my_cpp_package)
[1.728s] Level 1:colcon.colcon_core.environment:checking '/home/parshva/ros2_ws/install/my_cpp_package' for CMake module files
[1.728s] Level 1:colcon.colcon_core.environment:checking '/home/parshva/ros2_ws/install/my_cpp_package' for CMake config files
[1.729s] Level 1:colcon.colcon_core.shell:create_environment_hook('my_cpp_package', 'cmake_prefix_path')
[1.729s] INFO:colcon.colcon_core.shell:Creating environment hook '/home/parshva/ros2_ws/install/my_cpp_package/share/my_cpp_package/hook/cmake_prefix_path.ps1'
[1.729s] INFO:colcon.colcon_core.shell:Creating environment descriptor '/home/parshva/ros2_ws/install/my_cpp_package/share/my_cpp_package/hook/cmake_prefix_path.dsv'
[1.730s] INFO:colcon.colcon_core.shell:Creating environment hook '/home/parshva/ros2_ws/install/my_cpp_package/share/my_cpp_package/hook/cmake_prefix_path.sh'
[1.730s] Level 1:colcon.colcon_core.environment:checking '/home/parshva/ros2_ws/install/my_cpp_package/bin'
[1.730s] Level 1:colcon.colcon_core.environment:checking '/home/parshva/ros2_ws/install/my_cpp_package/lib/pkgconfig/my_cpp_package.pc'
[1.731s] Level 1:colcon.colcon_core.environment:checking '/home/parshva/ros2_ws/install/my_cpp_package/lib/python3.12/site-packages'
[1.731s] Level 1:colcon.colcon_core.environment:checking '/home/parshva/ros2_ws/install/my_cpp_package/bin'
[1.731s] INFO:colcon.colcon_core.shell:Creating package script '/home/parshva/ros2_ws/install/my_cpp_package/share/my_cpp_package/package.ps1'
[1.732s] INFO:colcon.colcon_core.shell:Creating package descriptor '/home/parshva/ros2_ws/install/my_cpp_package/share/my_cpp_package/package.dsv'
[1.732s] INFO:colcon.colcon_core.shell:Creating package script '/home/parshva/ros2_ws/install/my_cpp_package/share/my_cpp_package/package.sh'
[1.733s] INFO:colcon.colcon_core.shell:Creating package script '/home/parshva/ros2_ws/install/my_cpp_package/share/my_cpp_package/package.bash'
[1.733s] INFO:colcon.colcon_core.shell:Creating package script '/home/parshva/ros2_ws/install/my_cpp_package/share/my_cpp_package/package.zsh'
[1.734s] Level 1:colcon.colcon_core.environment:create_file_with_runtime_dependencies(/home/parshva/ros2_ws/install/my_cpp_package/share/colcon-core/packages/my_cpp_package)
[4.137s] DEBUG:colcon.colcon_core.event_handler.log_command:Invoked command in '/home/parshva/ros2_ws/build/my_robot_interfaces' returned '0': CMAKE_PREFIX_PATH=${CMAKE_PREFIX_PATH}:/opt/ros/jazzy DEBUGINFOD_URLS=https://debuginfod.ubuntu.com /usr/bin/cmake /home/parshva/ros2_ws/src/my_robot_interfaces -DCMAKE_INSTALL_PREFIX=/home/parshva/ros2_ws/install/my_robot_interfaces
[4.138s] DEBUG:colcon.colcon_core.event_handler.log_command:Invoking command in '/home/parshva/ros2_ws/build/my_robot_interfaces': CMAKE_PREFIX_PATH=${CMAKE_PREFIX_PATH}:/opt/ros/jazzy DEBUGINFOD_URLS=https://debuginfod.ubuntu.com /usr/bin/cmake --build /home/parshva/ros2_ws/build/my_robot_interfaces -- -j22 -l22
[6.448s] DEBUG:colcon.colcon_core.event_handler.log_command:Invoked command in '/home/parshva/ros2_ws/build/my_robot_interfaces' returned '0': CMAKE_PREFIX_PATH=${CMAKE_PREFIX_PATH}:/opt/ros/jazzy DEBUGINFOD_URLS=https://debuginfod.ubuntu.com /usr/bin/cmake --build /home/parshva/ros2_ws/build/my_robot_interfaces -- -j22 -l22
[6.450s] DEBUG:colcon.colcon_core.event_handler.log_command:Invoking command in '/home/parshva/ros2_ws/build/my_robot_interfaces': CMAKE_PREFIX_PATH=${CMAKE_PREFIX_PATH}:/opt/ros/jazzy DEBUGINFOD_URLS=https://debuginfod.ubuntu.com /usr/bin/cmake --install /home/parshva/ros2_ws/build/my_robot_interfaces
[6.528s] Level 1:colcon.colcon_core.environment:create_environment_scripts_only(my_robot_interfaces)
[6.528s] Level 1:colcon.colcon_core.environment:checking '/home/parshva/ros2_ws/install/my_robot_interfaces' for CMake module files
[6.529s] DEBUG:colcon.colcon_core.event_handler.log_command:Invoked command in '/home/parshva/ros2_ws/build/my_robot_interfaces' returned '0': CMAKE_PREFIX_PATH=${CMAKE_PREFIX_PATH}:/opt/ros/jazzy DEBUGINFOD_URLS=https://debuginfod.ubuntu.com /usr/bin/cmake --install /home/parshva/ros2_ws/build/my_robot_interfaces
[6.530s] Level 1:colcon.colcon_core.environment:checking '/home/parshva/ros2_ws/install/my_robot_interfaces' for CMake config files
[6.530s] Level 1:colcon.colcon_core.shell:create_environment_hook('my_robot_interfaces', 'cmake_prefix_path')
[6.530s] INFO:colcon.colcon_core.shell:Creating environment hook '/home/parshva/ros2_ws/install/my_robot_interfaces/share/my_robot_interfaces/hook/cmake_prefix_path.ps1'
[6.531s] INFO:colcon.colcon_core.shell:Creating environment descriptor '/home/parshva/ros2_ws/install/my_robot_interfaces/share/my_robot_interfaces/hook/cmake_prefix_path.dsv'
[6.531s] INFO:colcon.colcon_core.shell:Creating environment hook '/home/parshva/ros2_ws/install/my_robot_interfaces/share/my_robot_interfaces/hook/cmake_prefix_path.sh'
[6.532s] Level 1:colcon.colcon_core.environment:checking '/home/parshva/ros2_ws/install/my_robot_interfaces/lib'
[6.532s] Level 1:colcon.colcon_core.shell:create_environment_hook('my_robot_interfaces', 'ld_library_path_lib')
[6.532s] INFO:colcon.colcon_core.shell:Creating environment hook '/home/parshva/ros2_ws/install/my_robot_interfaces/share/my_robot_interfaces/hook/ld_library_path_lib.ps1'
[6.532s] INFO:colcon.colcon_core.shell:Creating environment descriptor '/home/parshva/ros2_ws/install/my_robot_interfaces/share/my_robot_interfaces/hook/ld_library_path_lib.dsv'
[6.532s] INFO:colcon.colcon_core.shell:Creating environment hook '/home/parshva/ros2_ws/install/my_robot_interfaces/share/my_robot_interfaces/hook/ld_library_path_lib.sh'
[6.533s] Level 1:colcon.colcon_core.environment:checking '/home/parshva/ros2_ws/install/my_robot_interfaces/bin'
[6.533s] Level 1:colcon.colcon_core.environment:checking '/home/parshva/ros2_ws/install/my_robot_interfaces/lib/pkgconfig/my_robot_interfaces.pc'
[6.533s] Level 1:colcon.colcon_core.environment:checking '/home/parshva/ros2_ws/install/my_robot_interfaces/lib/python3.12/site-packages'
[6.533s] Level 1:colcon.colcon_core.shell:create_environment_hook('my_robot_interfaces', 'pythonpath')
[6.533s] INFO:colcon.colcon_core.shell:Creating environment hook '/home/parshva/ros2_ws/install/my_robot_interfaces/share/my_robot_interfaces/hook/pythonpath.ps1'
[6.534s] INFO:colcon.colcon_core.shell:Creating environment descriptor '/home/parshva/ros2_ws/install/my_robot_interfaces/share/my_robot_interfaces/hook/pythonpath.dsv'
[6.534s] INFO:colcon.colcon_core.shell:Creating environment hook '/home/parshva/ros2_ws/install/my_robot_interfaces/share/my_robot_interfaces/hook/pythonpath.sh'
[6.534s] Level 1:colcon.colcon_core.environment:checking '/home/parshva/ros2_ws/install/my_robot_interfaces/bin'
[6.535s] INFO:colcon.colcon_core.shell:Creating package script '/home/parshva/ros2_ws/install/my_robot_interfaces/share/my_robot_interfaces/package.ps1'
[6.535s] INFO:colcon.colcon_core.shell:Creating package descriptor '/home/parshva/ros2_ws/install/my_robot_interfaces/share/my_robot_interfaces/package.dsv'
[6.536s] INFO:colcon.colcon_core.shell:Creating package script '/home/parshva/ros2_ws/install/my_robot_interfaces/share/my_robot_interfaces/package.sh'
[6.536s] INFO:colcon.colcon_core.shell:Creating package script '/home/parshva/ros2_ws/install/my_robot_interfaces/share/my_robot_interfaces/package.bash'
[6.536s] INFO:colcon.colcon_core.shell:Creating package script '/home/parshva/ros2_ws/install/my_robot_interfaces/share/my_robot_interfaces/package.zsh'
[6.536s] Level 1:colcon.colcon_core.environment:create_file_with_runtime_dependencies(/home/parshva/ros2_ws/install/my_robot_interfaces/share/colcon-core/packages/my_robot_interfaces)
[6.537s] Level 1:colcon.colcon_core.environment:create_environment_scripts_only(my_robot_interfaces)
[6.537s] Level 1:colcon.colcon_core.environment:checking '/home/parshva/ros2_ws/install/my_robot_interfaces' for CMake module files
[6.538s] Level 1:colcon.colcon_core.environment:checking '/home/parshva/ros2_ws/install/my_robot_interfaces' for CMake config files
[6.538s] Level 1:colcon.colcon_core.shell:create_environment_hook('my_robot_interfaces', 'cmake_prefix_path')
[6.538s] INFO:colcon.colcon_core.shell:Creating environment hook '/home/parshva/ros2_ws/install/my_robot_interfaces/share/my_robot_interfaces/hook/cmake_prefix_path.ps1'
[6.538s] INFO:colcon.colcon_core.shell:Creating environment descriptor '/home/parshva/ros2_ws/install/my_robot_interfaces/share/my_robot_interfaces/hook/cmake_prefix_path.dsv'
[6.539s] INFO:colcon.colcon_core.shell:Creating environment hook '/home/parshva/ros2_ws/install/my_robot_interfaces/share/my_robot_interfaces/hook/cmake_prefix_path.sh'
[6.539s] Level 1:colcon.colcon_core.environment:checking '/home/parshva/ros2_ws/install/my_robot_interfaces/lib'
[6.539s] Level 1:colcon.colcon_core.shell:create_environment_hook('my_robot_interfaces', 'ld_library_path_lib')
[6.540s] INFO:colcon.colcon_core.shell:Creating environment hook '/home/parshva/ros2_ws/install/my_robot_interfaces/share/my_robot_interfaces/hook/ld_library_path_lib.ps1'
[6.540s] INFO:colcon.colcon_core.shell:Creating environment descriptor '/home/parshva/ros2_ws/install/my_robot_interfaces/share/my_robot_interfaces/hook/ld_library_path_lib.dsv'
[6.540s] INFO:colcon.colcon_core.shell:Creating environment hook '/home/parshva/ros2_ws/install/my_robot_interfaces/share/my_robot_interfaces/hook/ld_library_path_lib.sh'
[6.541s] Level 1:colcon.colcon_core.environment:checking '/home/parshva/ros2_ws/install/my_robot_interfaces/bin'
[6.541s] Level 1:colcon.colcon_core.environment:checking '/home/parshva/ros2_ws/install/my_robot_interfaces/lib/pkgconfig/my_robot_interfaces.pc'
[6.541s] Level 1:colcon.colcon_core.environment:checking '/home/parshva/ros2_ws/install/my_robot_interfaces/lib/python3.12/site-packages'
[6.541s] Level 1:colcon.colcon_core.shell:create_environment_hook('my_robot_interfaces', 'pythonpath')
[6.541s] INFO:colcon.colcon_core.shell:Creating environment hook '/home/parshva/ros2_ws/install/my_robot_interfaces/share/my_robot_interfaces/hook/pythonpath.ps1'
[6.541s] INFO:colcon.colcon_core.shell:Creating environment descriptor '/home/parshva/ros2_ws/install/my_robot_interfaces/share/my_robot_interfaces/hook/pythonpath.dsv'
[6.542s] INFO:colcon.colcon_core.shell:Creating environment hook '/home/parshva/ros2_ws/install/my_robot_interfaces/share/my_robot_interfaces/hook/pythonpath.sh'
[6.542s] Level 1:colcon.colcon_core.environment:checking '/home/parshva/ros2_ws/install/my_robot_interfaces/bin'
[6.543s] INFO:colcon.colcon_core.shell:Creating package script '/home/parshva/ros2_ws/install/my_robot_interfaces/share/my_robot_interfaces/package.ps1'
[6.543s] INFO:colcon.colcon_core.shell:Creating package descriptor '/home/parshva/ros2_ws/install/my_robot_interfaces/share/my_robot_interfaces/package.dsv'
[6.544s] INFO:colcon.colcon_core.shell:Creating package script '/home/parshva/ros2_ws/install/my_robot_interfaces/share/my_robot_interfaces/package.sh'
[6.544s] INFO:colcon.colcon_core.shell:Creating package script '/home/parshva/ros2_ws/install/my_robot_interfaces/share/my_robot_interfaces/package.bash'
[6.545s] INFO:colcon.colcon_core.shell:Creating package script '/home/parshva/ros2_ws/install/my_robot_interfaces/share/my_robot_interfaces/package.zsh'
[6.545s] Level 1:colcon.colcon_core.environment:create_file_with_runtime_dependencies(/home/parshva/ros2_ws/install/my_robot_interfaces/share/colcon-core/packages/my_robot_interfaces)
[6.545s] DEBUG:colcon.colcon_parallel_executor.executor.parallel:closing loop
[6.546s] DEBUG:colcon.colcon_parallel_executor.executor.parallel:loop closed
[6.546s] DEBUG:colcon.colcon_parallel_executor.executor.parallel:run_until_complete finished with '0'
[6.546s] DEBUG:colcon.colcon_core.event_reactor:joining thread
[6.552s] INFO:colcon.colcon_core.plugin_system:Skipping extension 'colcon_notification.desktop_notification.terminal_notifier': Not used on non-Darwin systems
[6.552s] INFO:colcon.colcon_core.plugin_system:Skipping extension 'colcon_notification.desktop_notification.win32': Not used on non-Windows systems
[6.552s] INFO:colcon.colcon_notification.desktop_notification:Sending desktop notification using 'notify2'
[6.573s] DEBUG:colcon.colcon_core.event_reactor:joined thread
[6.574s] INFO:colcon.colcon_core.shell:Creating prefix script '/home/parshva/ros2_ws/install/local_setup.ps1'
[6.575s] INFO:colcon.colcon_core.shell:Creating prefix util module '/home/parshva/ros2_ws/install/_local_setup_util_ps1.py'
[6.576s] INFO:colcon.colcon_core.shell:Creating prefix chain script '/home/parshva/ros2_ws/install/setup.ps1'
[6.576s] INFO:colcon.colcon_core.shell:Creating prefix script '/home/parshva/ros2_ws/install/local_setup.sh'
[6.577s] INFO:colcon.colcon_core.shell:Creating prefix util module '/home/parshva/ros2_ws/install/_local_setup_util_sh.py'
[6.577s] INFO:colcon.colcon_core.shell:Creating prefix chain script '/home/parshva/ros2_ws/install/setup.sh'
[6.578s] INFO:colcon.colcon_core.shell:Creating prefix script '/home/parshva/ros2_ws/install/local_setup.bash'
[6.578s] INFO:colcon.colcon_core.shell:Creating prefix chain script '/home/parshva/ros2_ws/install/setup.bash'
[6.579s] INFO:colcon.colcon_core.shell:Creating prefix script '/home/parshva/ros2_ws/install/local_setup.zsh'
[6.579s] INFO:colcon.colcon_core.shell:Creating prefix chain script '/home/parshva/ros2_ws/install/setup.zsh'
