[0.016s] Invoking command in '/home/parshva/ros2_ws/build/my_cpp_package': CMAKE_PREFIX_PATH=${CMAKE_PREFIX_PATH}:/opt/ros/jazzy DEBUGINFOD_URLS=https://debuginfod.ubuntu.com /usr/bin/cmake /home/parshva/ros2_ws/src/my_cpp_package -DCMAKE_INSTALL_PREFIX=/home/parshva/ros2_ws/install/my_cpp_package
[0.238s] -- The C compiler identification is GNU 13.3.0
[0.238s] -- The CXX compiler identification is GNU 13.3.0
[0.238s] -- Detecting C compiler ABI info
[0.334s] -- Detecting C compiler ABI info - done
[0.348s] -- Check for working C compiler: /usr/bin/cc - skipped
[0.348s] -- Detecting C compile features
[0.349s] -- Detecting C compile features - done
[0.361s] -- Detecting CXX compiler ABI info
[0.487s] -- Detecting CXX compiler ABI info - done
[0.500s] -- Check for working CXX compiler: /usr/bin/c++ - skipped
[0.501s] -- Detecting CXX compile features
[0.502s] -- Detecting CXX compile features - done
[0.504s] -- Found ament_cmake: 2.5.5 (/opt/ros/jazzy/share/ament_cmake/cmake)
[0.703s] -- Found Python3: /usr/bin/python3 (found version "3.12.3") found components: Interpreter 
[0.834s] -- Found rclcpp: 28.1.16 (/opt/ros/jazzy/share/rclcpp/cmake)
[0.878s] -- Found rosidl_generator_c: 4.6.7 (/opt/ros/jazzy/share/rosidl_generator_c/cmake)
[0.891s] -- Found rosidl_generator_cpp: 4.6.7 (/opt/ros/jazzy/share/rosidl_generator_cpp/cmake)
[0.907s] -- Using all available rosidl_typesupport_c: rosidl_typesupport_fastrtps_c;rosidl_typesupport_introspection_c
[0.925s] -- Using all available rosidl_typesupport_cpp: rosidl_typesupport_fastrtps_cpp;rosidl_typesupport_introspection_cpp
[1.004s] -- Found rmw_implementation_cmake: 7.3.3 (/opt/ros/jazzy/share/rmw_implementation_cmake/cmake)
[1.006s] -- Found rmw_fastrtps_cpp: 8.4.3 (/opt/ros/jazzy/share/rmw_fastrtps_cpp/cmake)
[1.101s] -- Found OpenSSL: /usr/lib/x86_64-linux-gnu/libcrypto.so (found version "3.0.13")  
[1.128s] -- Found FastRTPS: /opt/ros/jazzy/include (Required is at least version "2.13") 
[1.160s] -- Using RMW implementation 'rmw_fastrtps_cpp' as default
[1.241s] -- Found ament_lint_auto: 0.17.4 (/opt/ros/jazzy/share/ament_lint_auto/cmake)
[1.371s] -- Added test 'lint_cmake' to check CMake code style
[1.372s] -- Added test 'xmllint' to check XML markup files
[1.374s] -- Configuring done (1.3s)
[1.379s] -- Generating done (0.0s)
[1.382s] -- Build files have been written to: /home/parshva/ros2_ws/build/my_cpp_package
[1.396s] Invoked command in '/home/parshva/ros2_ws/build/my_cpp_package' returned '0': CMAKE_PREFIX_PATH=${CMAKE_PREFIX_PATH}:/opt/ros/jazzy DEBUGINFOD_URLS=https://debuginfod.ubuntu.com /usr/bin/cmake /home/parshva/ros2_ws/src/my_cpp_package -DCMAKE_INSTALL_PREFIX=/home/parshva/ros2_ws/install/my_cpp_package
[1.398s] Invoking command in '/home/parshva/ros2_ws/build/my_cpp_package': CMAKE_PREFIX_PATH=${CMAKE_PREFIX_PATH}:/opt/ros/jazzy DEBUGINFOD_URLS=https://debuginfod.ubuntu.com /usr/bin/cmake --build /home/parshva/ros2_ws/build/my_cpp_package -- -j22 -l22
[1.454s] Invoked command in '/home/parshva/ros2_ws/build/my_cpp_package' returned '0': CMAKE_PREFIX_PATH=${CMAKE_PREFIX_PATH}:/opt/ros/jazzy DEBUGINFOD_URLS=https://debuginfod.ubuntu.com /usr/bin/cmake --build /home/parshva/ros2_ws/build/my_cpp_package -- -j22 -l22
[1.467s] Invoking command in '/home/parshva/ros2_ws/build/my_cpp_package': CMAKE_PREFIX_PATH=${CMAKE_PREFIX_PATH}:/opt/ros/jazzy DEBUGINFOD_URLS=https://debuginfod.ubuntu.com /usr/bin/cmake --install /home/parshva/ros2_ws/build/my_cpp_package
[1.477s] -- Install configuration: ""
[1.477s] -- Installing: /home/parshva/ros2_ws/install/my_cpp_package/share/ament_index/resource_index/package_run_dependencies/my_cpp_package
[1.478s] -- Installing: /home/parshva/ros2_ws/install/my_cpp_package/share/ament_index/resource_index/parent_prefix_path/my_cpp_package
[1.478s] -- Installing: /home/parshva/ros2_ws/install/my_cpp_package/share/my_cpp_package/environment/ament_prefix_path.sh
[1.478s] -- Installing: /home/parshva/ros2_ws/install/my_cpp_package/share/my_cpp_package/environment/ament_prefix_path.dsv
[1.478s] -- Installing: /home/parshva/ros2_ws/install/my_cpp_package/share/my_cpp_package/environment/path.sh
[1.478s] -- Installing: /home/parshva/ros2_ws/install/my_cpp_package/share/my_cpp_package/environment/path.dsv
[1.479s] -- Installing: /home/parshva/ros2_ws/install/my_cpp_package/share/my_cpp_package/local_setup.bash
[1.479s] -- Installing: /home/parshva/ros2_ws/install/my_cpp_package/share/my_cpp_package/local_setup.sh
[1.479s] -- Installing: /home/parshva/ros2_ws/install/my_cpp_package/share/my_cpp_package/local_setup.zsh
[1.479s] -- Installing: /home/parshva/ros2_ws/install/my_cpp_package/share/my_cpp_package/local_setup.dsv
[1.479s] -- Installing: /home/parshva/ros2_ws/install/my_cpp_package/share/my_cpp_package/package.dsv
[1.479s] -- Installing: /home/parshva/ros2_ws/install/my_cpp_package/share/ament_index/resource_index/packages/my_cpp_package
[1.479s] -- Installing: /home/parshva/ros2_ws/install/my_cpp_package/share/my_cpp_package/cmake/my_cpp_packageConfig.cmake
[1.480s] -- Installing: /home/parshva/ros2_ws/install/my_cpp_package/share/my_cpp_package/cmake/my_cpp_packageConfig-version.cmake
[1.480s] -- Installing: /home/parshva/ros2_ws/install/my_cpp_package/share/my_cpp_package/package.xml
[1.481s] Invoked command in '/home/parshva/ros2_ws/build/my_cpp_package' returned '0': CMAKE_PREFIX_PATH=${CMAKE_PREFIX_PATH}:/opt/ros/jazzy DEBUGINFOD_URLS=https://debuginfod.ubuntu.com /usr/bin/cmake --install /home/parshva/ros2_ws/build/my_cpp_package
