[0.009s] Invoking command in '/home/parshva/ros2_ws1/build/my_robot_description': CMAKE_PREFIX_PATH=${CMAKE_PREFIX_PATH}:/home/parshva/ros2_ws/install/my_py_pkg:/opt/ros/jazzy DEBUGINFOD_URLS=https://debuginfod.ubuntu.com /usr/bin/cmake /home/parshva/ros2_ws1/src/my_robot_description -DCMAKE_INSTALL_PREFIX=/home/parshva/ros2_ws1/install/my_robot_description
[0.020s] -- Found ament_cmake: 2.5.5 (/opt/ros/jazzy/share/ament_cmake/cmake)
[0.160s] -- Override CMake install command with custom implementation using symlinks instead of copying resources
[0.219s] -- Configuring done (0.2s)
[0.221s] -- Generating done (0.0s)
[0.221s] -- Build files have been written to: /home/parshva/ros2_ws1/build/my_robot_description
[0.224s] Invoked command in '/home/parshva/ros2_ws1/build/my_robot_description' returned '0': CMAKE_PREFIX_PATH=${CMAKE_PREFIX_PATH}:/home/parshva/ros2_ws/install/my_py_pkg:/opt/ros/jazzy DEBUGINFOD_URLS=https://debuginfod.ubuntu.com /usr/bin/cmake /home/parshva/ros2_ws1/src/my_robot_description -DCMAKE_INSTALL_PREFIX=/home/parshva/ros2_ws1/install/my_robot_description
[0.226s] Invoking command in '/home/parshva/ros2_ws1/build/my_robot_description': CMAKE_PREFIX_PATH=${CMAKE_PREFIX_PATH}:/home/parshva/ros2_ws/install/my_py_pkg:/opt/ros/jazzy DEBUGINFOD_URLS=https://debuginfod.ubuntu.com /usr/bin/cmake --build /home/parshva/ros2_ws1/build/my_robot_description -- -j22 -l22
[0.257s] Invoked command in '/home/parshva/ros2_ws1/build/my_robot_description' returned '0': CMAKE_PREFIX_PATH=${CMAKE_PREFIX_PATH}:/home/parshva/ros2_ws/install/my_py_pkg:/opt/ros/jazzy DEBUGINFOD_URLS=https://debuginfod.ubuntu.com /usr/bin/cmake --build /home/parshva/ros2_ws1/build/my_robot_description -- -j22 -l22
[0.265s] Invoking command in '/home/parshva/ros2_ws1/build/my_robot_description': CMAKE_PREFIX_PATH=${CMAKE_PREFIX_PATH}:/home/parshva/ros2_ws/install/my_py_pkg:/opt/ros/jazzy DEBUGINFOD_URLS=https://debuginfod.ubuntu.com /usr/bin/cmake --install /home/parshva/ros2_ws1/build/my_robot_description
[0.270s] -- Install configuration: ""
[0.270s] -- Execute custom install script
[0.271s] -- Symlinking: /home/parshva/ros2_ws1/install/my_robot_description/share/my_robot_description//urdf/common_properties.urdf.xacro
[0.277s] -- Symlinking: /home/parshva/ros2_ws1/install/my_robot_description/share/my_robot_description//urdf/mobile_base.urdf.xacro
[0.283s] -- Up-to-date symlink: /home/parshva/ros2_ws1/install/my_robot_description/share/my_robot_description//urdf/my_robot.urdf.xacro
[0.283s] -- Up-to-date symlink: /home/parshva/ros2_ws1/install/my_robot_description/share/my_robot_description//launch/display.launch.xml
[0.283s] -- Up-to-date symlink: /home/parshva/ros2_ws1/install/my_robot_description/share/my_robot_description//rviz/urdf_config.rviz
[0.283s] -- Up-to-date symlink: /home/parshva/ros2_ws1/install/my_robot_description/share/ament_index/resource_index/package_run_dependencies/my_robot_description
[0.283s] -- Up-to-date symlink: /home/parshva/ros2_ws1/install/my_robot_description/share/ament_index/resource_index/parent_prefix_path/my_robot_description
[0.283s] -- Up-to-date symlink: /home/parshva/ros2_ws1/install/my_robot_description/share/my_robot_description/environment/ament_prefix_path.sh
[0.283s] -- Up-to-date symlink: /home/parshva/ros2_ws1/install/my_robot_description/share/my_robot_description/environment/ament_prefix_path.dsv
[0.284s] -- Up-to-date symlink: /home/parshva/ros2_ws1/install/my_robot_description/share/my_robot_description/environment/path.sh
[0.284s] -- Up-to-date symlink: /home/parshva/ros2_ws1/install/my_robot_description/share/my_robot_description/environment/path.dsv
[0.284s] -- Up-to-date symlink: /home/parshva/ros2_ws1/install/my_robot_description/share/my_robot_description/local_setup.bash
[0.284s] -- Up-to-date symlink: /home/parshva/ros2_ws1/install/my_robot_description/share/my_robot_description/local_setup.sh
[0.284s] -- Up-to-date symlink: /home/parshva/ros2_ws1/install/my_robot_description/share/my_robot_description/local_setup.zsh
[0.284s] -- Up-to-date symlink: /home/parshva/ros2_ws1/install/my_robot_description/share/my_robot_description/local_setup.dsv
[0.284s] -- Symlinking: /home/parshva/ros2_ws1/install/my_robot_description/share/my_robot_description/package.dsv
[0.290s] -- Up-to-date symlink: /home/parshva/ros2_ws1/install/my_robot_description/share/ament_index/resource_index/packages/my_robot_description
[0.291s] -- Up-to-date symlink: /home/parshva/ros2_ws1/install/my_robot_description/share/my_robot_description/cmake/my_robot_descriptionConfig.cmake
[0.291s] -- Up-to-date symlink: /home/parshva/ros2_ws1/install/my_robot_description/share/my_robot_description/cmake/my_robot_descriptionConfig-version.cmake
[0.291s] -- Up-to-date symlink: /home/parshva/ros2_ws1/install/my_robot_description/share/my_robot_description/package.xml
[0.292s] Invoked command in '/home/parshva/ros2_ws1/build/my_robot_description' returned '0': CMAKE_PREFIX_PATH=${CMAKE_PREFIX_PATH}:/home/parshva/ros2_ws/install/my_py_pkg:/opt/ros/jazzy DEBUGINFOD_URLS=https://debuginfod.ubuntu.com /usr/bin/cmake --install /home/parshva/ros2_ws1/build/my_robot_description
