[0.018s] Invoking command in '/home/parshva/ros2_ws1/build/my_robot_bringup': CMAKE_PREFIX_PATH=${CMAKE_PREFIX_PATH}:/home/parshva/ros2_ws/install/my_py_pkg:/opt/ros/jazzy DEBUGINFOD_URLS=https://debuginfod.ubuntu.com /usr/bin/cmake --build /home/parshva/ros2_ws1/build/my_robot_bringup -- -j22 -l22
[0.066s] Invoked command in '/home/parshva/ros2_ws1/build/my_robot_bringup' returned '0': CMAKE_PREFIX_PATH=${CMAKE_PREFIX_PATH}:/home/parshva/ros2_ws/install/my_py_pkg:/opt/ros/jazzy DEBUGINFOD_URLS=https://debuginfod.ubuntu.com /usr/bin/cmake --build /home/parshva/ros2_ws1/build/my_robot_bringup -- -j22 -l22
[0.080s] Invoking command in '/home/parshva/ros2_ws1/build/my_robot_bringup': CMAKE_PREFIX_PATH=${CMAKE_PREFIX_PATH}:/home/parshva/ros2_ws/install/my_py_pkg:/opt/ros/jazzy DEBUGINFOD_URLS=https://debuginfod.ubuntu.com /usr/bin/cmake --install /home/parshva/ros2_ws1/build/my_robot_bringup
[0.090s] -- Install configuration: ""
[0.090s] -- Up-to-date: /home/parshva/ros2_ws1/install/my_robot_bringup/share/my_robot_bringup/launch
[0.090s] -- Up-to-date: /home/parshva/ros2_ws1/install/my_robot_bringup/share/my_robot_bringup/launch/my_robot_gazebo.launch.xml
[0.090s] -- Up-to-date: /home/parshva/ros2_ws1/install/my_robot_bringup/share/my_robot_bringup/config
[0.090s] -- Up-to-date: /home/parshva/ros2_ws1/install/my_robot_bringup/share/my_robot_bringup/config/gazebo_bridge.yaml
[0.090s] -- Up-to-date: /home/parshva/ros2_ws1/install/my_robot_bringup/share/my_robot_bringup/worlds
[0.090s] -- Up-to-date: /home/parshva/ros2_ws1/install/my_robot_bringup/share/my_robot_bringup/worlds/test_world.sdf
[0.090s] -- Up-to-date: /home/parshva/ros2_ws1/install/my_robot_bringup/share/ament_index/resource_index/package_run_dependencies/my_robot_bringup
[0.091s] -- Up-to-date: /home/parshva/ros2_ws1/install/my_robot_bringup/share/ament_index/resource_index/parent_prefix_path/my_robot_bringup
[0.091s] -- Up-to-date: /home/parshva/ros2_ws1/install/my_robot_bringup/share/my_robot_bringup/environment/ament_prefix_path.sh
[0.091s] -- Up-to-date: /home/parshva/ros2_ws1/install/my_robot_bringup/share/my_robot_bringup/environment/ament_prefix_path.dsv
[0.091s] -- Up-to-date: /home/parshva/ros2_ws1/install/my_robot_bringup/share/my_robot_bringup/environment/path.sh
[0.091s] -- Up-to-date: /home/parshva/ros2_ws1/install/my_robot_bringup/share/my_robot_bringup/environment/path.dsv
[0.091s] -- Up-to-date: /home/parshva/ros2_ws1/install/my_robot_bringup/share/my_robot_bringup/local_setup.bash
[0.091s] -- Up-to-date: /home/parshva/ros2_ws1/install/my_robot_bringup/share/my_robot_bringup/local_setup.sh
[0.091s] -- Up-to-date: /home/parshva/ros2_ws1/install/my_robot_bringup/share/my_robot_bringup/local_setup.zsh
[0.091s] -- Up-to-date: /home/parshva/ros2_ws1/install/my_robot_bringup/share/my_robot_bringup/local_setup.dsv
[0.091s] -- Up-to-date: /home/parshva/ros2_ws1/install/my_robot_bringup/share/my_robot_bringup/package.dsv
[0.091s] -- Up-to-date: /home/parshva/ros2_ws1/install/my_robot_bringup/share/ament_index/resource_index/packages/my_robot_bringup
[0.092s] -- Up-to-date: /home/parshva/ros2_ws1/install/my_robot_bringup/share/my_robot_bringup/cmake/my_robot_bringupConfig.cmake
[0.092s] -- Up-to-date: /home/parshva/ros2_ws1/install/my_robot_bringup/share/my_robot_bringup/cmake/my_robot_bringupConfig-version.cmake
[0.092s] -- Up-to-date: /home/parshva/ros2_ws1/install/my_robot_bringup/share/my_robot_bringup/package.xml
[0.093s] Invoked command in '/home/parshva/ros2_ws1/build/my_robot_bringup' returned '0': CMAKE_PREFIX_PATH=${CMAKE_PREFIX_PATH}:/home/parshva/ros2_ws/install/my_py_pkg:/opt/ros/jazzy DEBUGINFOD_URLS=https://debuginfod.ubuntu.com /usr/bin/cmake --install /home/parshva/ros2_ws1/build/my_robot_bringup
