[0.012s] Invoking command in '/home/parshva/ros2_ws1/build/my_robot_description': CMAKE_PREFIX_PATH=${CMAKE_PREFIX_PATH}:/home/parshva/ros2_ws/install/my_py_pkg:/opt/ros/jazzy DEBUGINFOD_URLS=https://debuginfod.ubuntu.com /usr/bin/cmake --build /home/parshva/ros2_ws1/build/my_robot_description -- -j22 -l22
[0.067s] Invoked command in '/home/parshva/ros2_ws1/build/my_robot_description' returned '0': CMAKE_PREFIX_PATH=${CMAKE_PREFIX_PATH}:/home/parshva/ros2_ws/install/my_py_pkg:/opt/ros/jazzy DEBUGINFOD_URLS=https://debuginfod.ubuntu.com /usr/bin/cmake --build /home/parshva/ros2_ws1/build/my_robot_description -- -j22 -l22
[0.082s] Invoking command in '/home/parshva/ros2_ws1/build/my_robot_description': CMAKE_PREFIX_PATH=${CMAKE_PREFIX_PATH}:/home/parshva/ros2_ws/install/my_py_pkg:/opt/ros/jazzy DEBUGINFOD_URLS=https://debuginfod.ubuntu.com /usr/bin/cmake --install /home/parshva/ros2_ws1/build/my_robot_description
[0.092s] -- Install configuration: ""
[0.092s] -- Execute custom install script
[0.093s] -- Up-to-date symlink: /home/parshva/ros2_ws1/install/my_robot_description/share/my_robot_description//urdf/common_properties.urdf.xacro
[0.093s] -- Up-to-date symlink: /home/parshva/ros2_ws1/install/my_robot_description/share/my_robot_description//urdf/mobile_base.urdf.xacro
[0.093s] -- Up-to-date symlink: /home/parshva/ros2_ws1/install/my_robot_description/share/my_robot_description//urdf/my_robot.urdf.xacro
[0.093s] -- Up-to-date symlink: /home/parshva/ros2_ws1/install/my_robot_description/share/my_robot_description//launch/display.launch.xml
[0.093s] -- Up-to-date symlink: /home/parshva/ros2_ws1/install/my_robot_description/share/my_robot_description//rviz/urdf_config.rviz
[0.094s] -- Up-to-date symlink: /home/parshva/ros2_ws1/install/my_robot_description/share/ament_index/resource_index/package_run_dependencies/my_robot_description
[0.094s] -- Up-to-date symlink: /home/parshva/ros2_ws1/install/my_robot_description/share/ament_index/resource_index/parent_prefix_path/my_robot_description
[0.094s] -- Up-to-date symlink: /home/parshva/ros2_ws1/install/my_robot_description/share/my_robot_description/environment/ament_prefix_path.sh
[0.094s] -- Up-to-date symlink: /home/parshva/ros2_ws1/install/my_robot_description/share/my_robot_description/environment/ament_prefix_path.dsv
[0.094s] -- Up-to-date symlink: /home/parshva/ros2_ws1/install/my_robot_description/share/my_robot_description/environment/path.sh
[0.094s] -- Up-to-date symlink: /home/parshva/ros2_ws1/install/my_robot_description/share/my_robot_description/environment/path.dsv
[0.094s] -- Up-to-date symlink: /home/parshva/ros2_ws1/install/my_robot_description/share/my_robot_description/local_setup.bash
[0.095s] -- Up-to-date symlink: /home/parshva/ros2_ws1/install/my_robot_description/share/my_robot_description/local_setup.sh
[0.095s] -- Up-to-date symlink: /home/parshva/ros2_ws1/install/my_robot_description/share/my_robot_description/local_setup.zsh
[0.095s] -- Up-to-date symlink: /home/parshva/ros2_ws1/install/my_robot_description/share/my_robot_description/local_setup.dsv
[0.095s] -- Symlinking: /home/parshva/ros2_ws1/install/my_robot_description/share/my_robot_description/package.dsv
[0.106s] -- Up-to-date symlink: /home/parshva/ros2_ws1/install/my_robot_description/share/ament_index/resource_index/packages/my_robot_description
[0.107s] -- Up-to-date symlink: /home/parshva/ros2_ws1/install/my_robot_description/share/my_robot_description/cmake/my_robot_descriptionConfig.cmake
[0.107s] -- Up-to-date symlink: /home/parshva/ros2_ws1/install/my_robot_description/share/my_robot_description/cmake/my_robot_descriptionConfig-version.cmake
[0.107s] -- Up-to-date symlink: /home/parshva/ros2_ws1/install/my_robot_description/share/my_robot_description/package.xml
[0.109s] Invoked command in '/home/parshva/ros2_ws1/build/my_robot_description' returned '0': CMAKE_PREFIX_PATH=${CMAKE_PREFIX_PATH}:/home/parshva/ros2_ws/install/my_py_pkg:/opt/ros/jazzy DEBUGINFOD_URLS=https://debuginfod.ubuntu.com /usr/bin/cmake --install /home/parshva/ros2_ws1/build/my_robot_description
