[0.009s] Invoking command in '/home/parshva/ros2_ws1/build/my_robot_bringup': CMAKE_PREFIX_PATH=${CMAKE_PREFIX_PATH}:/home/parshva/ros2_ws/install/my_py_pkg:/opt/ros/jazzy DEBUGINFOD_URLS=https://debuginfod.ubuntu.com /usr/bin/cmake --build /home/parshva/ros2_ws1/build/my_robot_bringup -- -j22 -l22
[0.029s] -- Found ament_cmake: 2.5.5 (/opt/ros/jazzy/share/ament_cmake/cmake)
[0.226s] -- Configuring done (0.2s)
[0.228s] -- Generating done (0.0s)
[0.229s] -- Build files have been written to: /home/parshva/ros2_ws1/build/my_robot_bringup
[0.250s] Invoked command in '/home/parshva/ros2_ws1/build/my_robot_bringup' returned '0': CMAKE_PREFIX_PATH=${CMAKE_PREFIX_PATH}:/home/parshva/ros2_ws/install/my_py_pkg:/opt/ros/jazzy DEBUGINFOD_URLS=https://debuginfod.ubuntu.com /usr/bin/cmake --build /home/parshva/ros2_ws1/build/my_robot_bringup -- -j22 -l22
[0.251s] Invoking command in '/home/parshva/ros2_ws1/build/my_robot_bringup': CMAKE_PREFIX_PATH=${CMAKE_PREFIX_PATH}:/home/parshva/ros2_ws/install/my_py_pkg:/opt/ros/jazzy DEBUGINFOD_URLS=https://debuginfod.ubuntu.com /usr/bin/cmake --install /home/parshva/ros2_ws1/build/my_robot_bringup
[0.259s] -- Install configuration: ""
[0.259s] -- Installing: /home/parshva/ros2_ws1/install/my_robot_bringup/share/my_robot_bringup/launch
[0.259s] -- Installing: /home/parshva/ros2_ws1/install/my_robot_bringup/share/my_robot_bringup/launch/my_robot_gazebo.launch.xml
[0.260s] -- Up-to-date: /home/parshva/ros2_ws1/install/my_robot_bringup/share/ament_index/resource_index/package_run_dependencies/my_robot_bringup
[0.260s] -- Installing: /home/parshva/ros2_ws1/install/my_robot_bringup/share/ament_index/resource_index/parent_prefix_path/my_robot_bringup
[0.260s] -- Up-to-date: /home/parshva/ros2_ws1/install/my_robot_bringup/share/my_robot_bringup/environment/ament_prefix_path.sh
[0.260s] -- Up-to-date: /home/parshva/ros2_ws1/install/my_robot_bringup/share/my_robot_bringup/environment/ament_prefix_path.dsv
[0.260s] -- Up-to-date: /home/parshva/ros2_ws1/install/my_robot_bringup/share/my_robot_bringup/environment/path.sh
[0.260s] -- Up-to-date: /home/parshva/ros2_ws1/install/my_robot_bringup/share/my_robot_bringup/environment/path.dsv
[0.260s] -- Up-to-date: /home/parshva/ros2_ws1/install/my_robot_bringup/share/my_robot_bringup/local_setup.bash
[0.261s] -- Up-to-date: /home/parshva/ros2_ws1/install/my_robot_bringup/share/my_robot_bringup/local_setup.sh
[0.261s] -- Up-to-date: /home/parshva/ros2_ws1/install/my_robot_bringup/share/my_robot_bringup/local_setup.zsh
[0.261s] -- Up-to-date: /home/parshva/ros2_ws1/install/my_robot_bringup/share/my_robot_bringup/local_setup.dsv
[0.261s] -- Up-to-date: /home/parshva/ros2_ws1/install/my_robot_bringup/share/my_robot_bringup/package.dsv
[0.261s] -- Up-to-date: /home/parshva/ros2_ws1/install/my_robot_bringup/share/ament_index/resource_index/packages/my_robot_bringup
[0.261s] -- Up-to-date: /home/parshva/ros2_ws1/install/my_robot_bringup/share/my_robot_bringup/cmake/my_robot_bringupConfig.cmake
[0.261s] -- Up-to-date: /home/parshva/ros2_ws1/install/my_robot_bringup/share/my_robot_bringup/cmake/my_robot_bringupConfig-version.cmake
[0.261s] -- Up-to-date: /home/parshva/ros2_ws1/install/my_robot_bringup/share/my_robot_bringup/package.xml
[0.262s] Invoked command in '/home/parshva/ros2_ws1/build/my_robot_bringup' returned '0': CMAKE_PREFIX_PATH=${CMAKE_PREFIX_PATH}:/home/parshva/ros2_ws/install/my_py_pkg:/opt/ros/jazzy DEBUGINFOD_URLS=https://debuginfod.ubuntu.com /usr/bin/cmake --install /home/parshva/ros2_ws1/build/my_robot_bringup
